2024/11/17 19:20:27 [notice] 29#29: *1 "^/(\d)(-[\w-]+)?/.+\.jpg$" does not match "/phpmyadmin", client: 172.18.0.1, server: example.com, request: "GET /phpmyadmin HTTP/1.1", host: "localhost"
2024/11/17 19:20:27 [notice] 29#29: *1 "^/(\d)(\d)(-[\w-]+)?/.+\.jpg$" does not match "/phpmyadmin", client: 172.18.0.1, server: example.com, request: "GET /phpmyadmin HTTP/1.1", host: "localhost"
2024/11/17 19:20:27 [notice] 29#29: *1 "^/(\d)(\d)(\d)(-[\w-]+)?/.+\.jpg$" does not match "/phpmyadmin", client: 172.18.0.1, server: example.com, request: "GET /phpmyadmin HTTP/1.1", host: "localhost"
2024/11/17 19:20:27 [notice] 29#29: *1 "^/(\d)(\d)(\d)(\d)(-[\w-]+)?/.+\.jpg$" does not match "/phpmyadmin", client: 172.18.0.1, server: example.com, request: "GET /phpmyadmin HTTP/1.1", host: "localhost"
2024/11/17 19:20:27 [notice] 29#29: *1 "^/(\d)(\d)(\d)(\d)(\d)(-[\w-]+)?/.+\.jpg$" does not match "/phpmyadmin", client: 172.18.0.1, server: example.com, request: "GET /phpmyadmin HTTP/1.1", host: "localhost"
2024/11/17 19:20:27 [notice] 29#29: *1 "^/(\d)(\d)(\d)(\d)(\d)(\d)(-[\w-]+)?/.+\.jpg$" does not match "/phpmyadmin", client: 172.18.0.1, server: example.com, request: "GET /phpmyadmin HTTP/1.1", host: "localhost"
2024/11/17 19:20:27 [notice] 29#29: *1 "^/(\d)(\d)(\d)(\d)(\d)(\d)(\d)(-[\w-]+)?/.+\.jpg$" does not match "/phpmyadmin", client: 172.18.0.1, server: example.com, request: "GET /phpmyadmin HTTP/1.1", host: "localhost"
2024/11/17 19:20:27 [notice] 29#29: *1 "^/(\d)(\d)(\d)(\d)(\d)(\d)(\d)(\d)(-[\w-]+)?/.+\.jpg$" does not match "/phpmyadmin", client: 172.18.0.1, server: example.com, request: "GET /phpmyadmin HTTP/1.1", host: "localhost"
2024/11/17 19:20:27 [notice] 29#29: *1 "^/c/([\w.-]+)/.+\.jpg$" does not match "/phpmyadmin", client: 172.18.0.1, server: example.com, request: "GET /phpmyadmin HTTP/1.1", host: "localhost"
2024/11/17 19:20:27 [notice] 29#29: *1 "^images_ie/?([^/]+)\.(gif|jpe?g|png)$" does not match "/phpmyadmin", client: 172.18.0.1, server: example.com, request: "GET /phpmyadmin HTTP/1.1", host: "localhost"
2024/11/17 19:20:27 [notice] 29#29: *1 "^/api/?(.*)$" does not match "/phpmyadmin", client: 172.18.0.1, server: example.com, request: "GET /phpmyadmin HTTP/1.1", host: "localhost"
2024/11/17 19:20:27 [notice] 29#29: *1 "^(/install(?:-dev)?/sandbox)/.*" does not match "/phpmyadmin", client: 172.18.0.1, server: example.com, request: "GET /phpmyadmin HTTP/1.1", host: "localhost"
2024/11/17 19:20:27 [notice] 29#29: *1 "^/(\d)(-[\w-]+)?/.+\.jpg$" does not match "/phpmyadmin/", client: 172.18.0.1, server: example.com, request: "GET /phpmyadmin/ HTTP/1.1", host: "localhost"
2024/11/17 19:20:27 [notice] 29#29: *1 "^/(\d)(\d)(-[\w-]+)?/.+\.jpg$" does not match "/phpmyadmin/", client: 172.18.0.1, server: example.com, request: "GET /phpmyadmin/ HTTP/1.1", host: "localhost"
2024/11/17 19:20:27 [notice] 29#29: *1 "^/(\d)(\d)(\d)(-[\w-]+)?/.+\.jpg$" does not match "/phpmyadmin/", client: 172.18.0.1, server: example.com, request: "GET /phpmyadmin/ HTTP/1.1", host: "localhost"
2024/11/17 19:20:27 [notice] 29#29: *1 "^/(\d)(\d)(\d)(\d)(-[\w-]+)?/.+\.jpg$" does not match "/phpmyadmin/", client: 172.18.0.1, server: example.com, request: "GET /phpmyadmin/ HTTP/1.1", host: "localhost"
2024/11/17 19:20:27 [notice] 29#29: *1 "^/(\d)(\d)(\d)(\d)(\d)(-[\w-]+)?/.+\.jpg$" does not match "/phpmyadmin/", client: 172.18.0.1, server: example.com, request: "GET /phpmyadmin/ HTTP/1.1", host: "localhost"
2024/11/17 19:20:27 [notice] 29#29: *1 "^/(\d)(\d)(\d)(\d)(\d)(\d)(-[\w-]+)?/.+\.jpg$" does not match "/phpmyadmin/", client: 172.18.0.1, server: example.com, request: "GET /phpmyadmin/ HTTP/1.1", host: "localhost"
2024/11/17 19:20:27 [notice] 29#29: *1 "^/(\d)(\d)(\d)(\d)(\d)(\d)(\d)(-[\w-]+)?/.+\.jpg$" does not match "/phpmyadmin/", client: 172.18.0.1, server: example.com, request: "GET /phpmyadmin/ HTTP/1.1", host: "localhost"
2024/11/17 19:20:27 [notice] 29#29: *1 "^/(\d)(\d)(\d)(\d)(\d)(\d)(\d)(\d)(-[\w-]+)?/.+\.jpg$" does not match "/phpmyadmin/", client: 172.18.0.1, server: example.com, request: "GET /phpmyadmin/ HTTP/1.1", host: "localhost"
2024/11/17 19:20:27 [notice] 29#29: *1 "^/c/([\w.-]+)/.+\.jpg$" does not match "/phpmyadmin/", client: 172.18.0.1, server: example.com, request: "GET /phpmyadmin/ HTTP/1.1", host: "localhost"
2024/11/17 19:20:27 [notice] 29#29: *1 "^images_ie/?([^/]+)\.(gif|jpe?g|png)$" does not match "/phpmyadmin/", client: 172.18.0.1, server: example.com, request: "GET /phpmyadmin/ HTTP/1.1", host: "localhost"
2024/11/17 19:20:27 [notice] 29#29: *1 "^/api/?(.*)$" does not match "/phpmyadmin/", client: 172.18.0.1, server: example.com, request: "GET /phpmyadmin/ HTTP/1.1", host: "localhost"
2024/11/17 19:20:27 [notice] 29#29: *1 "^(/install(?:-dev)?/sandbox)/.*" does not match "/phpmyadmin/", client: 172.18.0.1, server: example.com, request: "GET /phpmyadmin/ HTTP/1.1", host: "localhost"
2024/11/17 19:20:27 [notice] 29#29: *1 "^/(\d)(-[\w-]+)?/.+\.jpg$" does not match "/phpmyadmin/index.php", client: 172.18.0.1, server: example.com, request: "GET /phpmyadmin/ HTTP/1.1", host: "localhost"
2024/11/17 19:20:27 [notice] 29#29: *1 "^/(\d)(\d)(-[\w-]+)?/.+\.jpg$" does not match "/phpmyadmin/index.php", client: 172.18.0.1, server: example.com, request: "GET /phpmyadmin/ HTTP/1.1", host: "localhost"
2024/11/17 19:20:27 [notice] 29#29: *1 "^/(\d)(\d)(\d)(-[\w-]+)?/.+\.jpg$" does not match "/phpmyadmin/index.php", client: 172.18.0.1, server: example.com, request: "GET /phpmyadmin/ HTTP/1.1", host: "localhost"
2024/11/17 19:20:27 [notice] 29#29: *1 "^/(\d)(\d)(\d)(\d)(-[\w-]+)?/.+\.jpg$" does not match "/phpmyadmin/index.php", client: 172.18.0.1, server: example.com, request: "GET /phpmyadmin/ HTTP/1.1", host: "localhost"
2024/11/17 19:20:27 [notice] 29#29: *1 "^/(\d)(\d)(\d)(\d)(\d)(-[\w-]+)?/.+\.jpg$" does not match "/phpmyadmin/index.php", client: 172.18.0.1, server: example.com, request: "GET /phpmyadmin/ HTTP/1.1", host: "localhost"
2024/11/17 19:20:27 [notice] 29#29: *1 "^/(\d)(\d)(\d)(\d)(\d)(\d)(-[\w-]+)?/.+\.jpg$" does not match "/phpmyadmin/index.php", client: 172.18.0.1, server: example.com, request: "GET /phpmyadmin/ HTTP/1.1", host: "localhost"
2024/11/17 19:20:27 [notice] 29#29: *1 "^/(\d)(\d)(\d)(\d)(\d)(\d)(\d)(-[\w-]+)?/.+\.jpg$" does not match "/phpmyadmin/index.php", client: 172.18.0.1, server: example.com, request: "GET /phpmyadmin/ HTTP/1.1", host: "localhost"
2024/11/17 19:20:27 [notice] 29#29: *1 "^/(\d)(\d)(\d)(\d)(\d)(\d)(\d)(\d)(-[\w-]+)?/.+\.jpg$" does not match "/phpmyadmin/index.php", client: 172.18.0.1, server: example.com, request: "GET /phpmyadmin/ HTTP/1.1", host: "localhost"
2024/11/17 19:20:27 [notice] 29#29: *1 "^/c/([\w.-]+)/.+\.jpg$" does not match "/phpmyadmin/index.php", client: 172.18.0.1, server: example.com, request: "GET /phpmyadmin/ HTTP/1.1", host: "localhost"
2024/11/17 19:20:27 [notice] 29#29: *1 "^images_ie/?([^/]+)\.(gif|jpe?g|png)$" does not match "/phpmyadmin/index.php", client: 172.18.0.1, server: example.com, request: "GET /phpmyadmin/ HTTP/1.1", host: "localhost"
2024/11/17 19:20:27 [notice] 29#29: *1 "^/api/?(.*)$" does not match "/phpmyadmin/index.php", client: 172.18.0.1, server: example.com, request: "GET /phpmyadmin/ HTTP/1.1", host: "localhost"
2024/11/17 19:20:27 [notice] 29#29: *1 "^(/install(?:-dev)?/sandbox)/.*" does not match "/phpmyadmin/index.php", client: 172.18.0.1, server: example.com, request: "GET /phpmyadmin/ HTTP/1.1", host: "localhost"
2024/11/17 19:20:27 [notice] 29#29: *1 "^/(\d)(-[\w-]+)?/.+\.jpg$" does not match "/phpmyadmin/themes/pmahomme/jquery/jquery-ui.css", client: 172.18.0.1, server: example.com, request: "GET /phpmyadmin/themes/pmahomme/jquery/jquery-ui.css HTTP/1.1", host: "localhost"
2024/11/17 19:20:27 [notice] 29#29: *1 "^/(\d)(\d)(-[\w-]+)?/.+\.jpg$" does not match "/phpmyadmin/themes/pmahomme/jquery/jquery-ui.css", client: 172.18.0.1, server: example.com, request: "GET /phpmyadmin/themes/pmahomme/jquery/jquery-ui.css HTTP/1.1", host: "localhost"
2024/11/17 19:20:27 [notice] 29#29: *1 "^/(\d)(\d)(\d)(-[\w-]+)?/.+\.jpg$" does not match "/phpmyadmin/themes/pmahomme/jquery/jquery-ui.css", client: 172.18.0.1, server: example.com, request: "GET /phpmyadmin/themes/pmahomme/jquery/jquery-ui.css HTTP/1.1", host: "localhost"
2024/11/17 19:20:27 [notice] 29#29: *1 "^/(\d)(\d)(\d)(\d)(-[\w-]+)?/.+\.jpg$" does not match "/phpmyadmin/themes/pmahomme/jquery/jquery-ui.css", client: 172.18.0.1, server: example.com, request: "GET /phpmyadmin/themes/pmahomme/jquery/jquery-ui.css HTTP/1.1", host: "localhost"
2024/11/17 19:20:27 [notice] 29#29: *1 "^/(\d)(\d)(\d)(\d)(\d)(-[\w-]+)?/.+\.jpg$" does not match "/phpmyadmin/themes/pmahomme/jquery/jquery-ui.css", client: 172.18.0.1, server: example.com, request: "GET /phpmyadmin/themes/pmahomme/jquery/jquery-ui.css HTTP/1.1", host: "localhost"
2024/11/17 19:20:27 [notice] 29#29: *1 "^/(\d)(\d)(\d)(\d)(\d)(\d)(-[\w-]+)?/.+\.jpg$" does not match "/phpmyadmin/themes/pmahomme/jquery/jquery-ui.css", client: 172.18.0.1, server: example.com, request: "GET /phpmyadmin/themes/pmahomme/jquery/jquery-ui.css HTTP/1.1", host: "localhost"
2024/11/17 19:20:27 [notice] 29#29: *1 "^/(\d)(\d)(\d)(\d)(\d)(\d)(\d)(-[\w-]+)?/.+\.jpg$" does not match "/phpmyadmin/themes/pmahomme/jquery/jquery-ui.css", client: 172.18.0.1, server: example.com, request: "GET /phpmyadmin/themes/pmahomme/jquery/jquery-ui.css HTTP/1.1", host: "localhost"
2024/11/17 19:20:27 [notice] 29#29: *1 "^/(\d)(\d)(\d)(\d)(\d)(\d)(\d)(\d)(-[\w-]+)?/.+\.jpg$" does not match "/phpmyadmin/themes/pmahomme/jquery/jquery-ui.css", client: 172.18.0.1, server: example.com, request: "GET /phpmyadmin/themes/pmahomme/jquery/jquery-ui.css HTTP/1.1", host: "localhost"
2024/11/17 19:20:27 [notice] 28#28: *2 "^/(\d)(-[\w-]+)?/.+\.jpg$" does not match "/phpmyadmin/js/vendor/codemirror/lib/codemirror.css", client: 172.18.0.1, server: example.com, request: "GET /phpmyadmin/js/vendor/codemirror/lib/codemirror.css?v=5.2.1 HTTP/1.1", host: "localhost"
2024/11/17 19:20:27 [notice] 28#28: *2 "^/(\d)(\d)(-[\w-]+)?/.+\.jpg$" does not match "/phpmyadmin/js/vendor/codemirror/lib/codemirror.css", client: 172.18.0.1, server: example.com, request: "GET /phpmyadmin/js/vendor/codemirror/lib/codemirror.css?v=5.2.1 HTTP/1.1", host: "localhost"
2024/11/17 19:20:27 [notice] 29#29: *1 "^/c/([\w.-]+)/.+\.jpg$" does not match "/phpmyadmin/themes/pmahomme/jquery/jquery-ui.css", client: 172.18.0.1, server: example.com, request: "GET /phpmyadmin/themes/pmahomme/jquery/jquery-ui.css HTTP/1.1", host: "localhost"
2024/11/17 19:20:27 [notice] 29#29: *1 "^images_ie/?([^/]+)\.(gif|jpe?g|png)$" does not match "/phpmyadmin/themes/pmahomme/jquery/jquery-ui.css", client: 172.18.0.1, server: example.com, request: "GET /phpmyadmin/themes/pmahomme/jquery/jquery-ui.css HTTP/1.1", host: "localhost"
2024/11/17 19:20:27 [notice] 28#28: *2 "^/(\d)(\d)(\d)(-[\w-]+)?/.+\.jpg$" does not match "/phpmyadmin/js/vendor/codemirror/lib/codemirror.css", client: 172.18.0.1, server: example.com, request: "GET /phpmyadmin/js/vendor/codemirror/lib/codemirror.css?v=5.2.1 HTTP/1.1", host: "localhost"
2024/11/17 19:20:27 [notice] 28#28: *2 "^/(\d)(\d)(\d)(\d)(-[\w-]+)?/.+\.jpg$" does not match "/phpmyadmin/js/vendor/codemirror/lib/codemirror.css", client: 172.18.0.1, server: example.com, request: "GET /phpmyadmin/js/vendor/codemirror/lib/codemirror.css?v=5.2.1 HTTP/1.1", host: "localhost"
2024/11/17 19:20:27 [notice] 29#29: *1 "^/api/?(.*)$" does not match "/phpmyadmin/themes/pmahomme/jquery/jquery-ui.css", client: 172.18.0.1, server: example.com, request: "GET /phpmyadmin/themes/pmahomme/jquery/jquery-ui.css HTTP/1.1", host: "localhost"
2024/11/17 19:20:27 [notice] 29#29: *1 "^(/install(?:-dev)?/sandbox)/.*" does not match "/phpmyadmin/themes/pmahomme/jquery/jquery-ui.css", client: 172.18.0.1, server: example.com, request: "GET /phpmyadmin/themes/pmahomme/jquery/jquery-ui.css HTTP/1.1", host: "localhost"
2024/11/17 19:20:27 [notice] 28#28: *2 "^/(\d)(\d)(\d)(\d)(\d)(-[\w-]+)?/.+\.jpg$" does not match "/phpmyadmin/js/vendor/codemirror/lib/codemirror.css", client: 172.18.0.1, server: example.com, request: "GET /phpmyadmin/js/vendor/codemirror/lib/codemirror.css?v=5.2.1 HTTP/1.1", host: "localhost"
2024/11/17 19:20:27 [notice] 28#28: *2 "^/(\d)(\d)(\d)(\d)(\d)(\d)(-[\w-]+)?/.+\.jpg$" does not match "/phpmyadmin/js/vendor/codemirror/lib/codemirror.css", client: 172.18.0.1, server: example.com, request: "GET /phpmyadmin/js/vendor/codemirror/lib/codemirror.css?v=5.2.1 HTTP/1.1", host: "localhost"
2024/11/17 19:20:27 [notice] 31#31: *7 "^/(\d)(-[\w-]+)?/.+\.jpg$" does not match "/phpmyadmin/js/vendor/codemirror/addon/lint/lint.css", client: 172.18.0.1, server: example.com, request: "GET /phpmyadmin/js/vendor/codemirror/addon/lint/lint.css?v=5.2.1 HTTP/1.1", host: "localhost"
2024/11/17 19:20:27 [notice] 31#31: *7 "^/(\d)(\d)(-[\w-]+)?/.+\.jpg$" does not match "/phpmyadmin/js/vendor/codemirror/addon/lint/lint.css", client: 172.18.0.1, server: example.com, request: "GET /phpmyadmin/js/vendor/codemirror/addon/lint/lint.css?v=5.2.1 HTTP/1.1", host: "localhost"
2024/11/17 19:20:27 [notice] 32#32: *6 "^/(\d)(-[\w-]+)?/.+\.jpg$" does not match "/phpmyadmin/js/vendor/jquery/jquery.min.js", client: 172.18.0.1, server: example.com, request: "GET /phpmyadmin/js/vendor/jquery/jquery.min.js?v=5.2.1 HTTP/1.1", host: "localhost"
2024/11/17 19:20:27 [notice] 32#32: *6 "^/(\d)(\d)(-[\w-]+)?/.+\.jpg$" does not match "/phpmyadmin/js/vendor/jquery/jquery.min.js", client: 172.18.0.1, server: example.com, request: "GET /phpmyadmin/js/vendor/jquery/jquery.min.js?v=5.2.1 HTTP/1.1", host: "localhost"
2024/11/17 19:20:27 [notice] 30#30: *5 "^/(\d)(-[\w-]+)?/.+\.jpg$" does not match "/phpmyadmin/js/vendor/codemirror/addon/hint/show-hint.css", client: 172.18.0.1, server: example.com, request: "GET /phpmyadmin/js/vendor/codemirror/addon/hint/show-hint.css?v=5.2.1 HTTP/1.1", host: "localhost"
2024/11/17 19:20:27 [notice] 30#30: *5 "^/(\d)(\d)(-[\w-]+)?/.+\.jpg$" does not match "/phpmyadmin/js/vendor/codemirror/addon/hint/show-hint.css", client: 172.18.0.1, server: example.com, request: "GET /phpmyadmin/js/vendor/codemirror/addon/hint/show-hint.css?v=5.2.1 HTTP/1.1", host: "localhost"
2024/11/17 19:20:27 [notice] 28#28: *2 "^/(\d)(\d)(\d)(\d)(\d)(\d)(\d)(-[\w-]+)?/.+\.jpg$" does not match "/phpmyadmin/js/vendor/codemirror/lib/codemirror.css", client: 172.18.0.1, server: example.com, request: "GET /phpmyadmin/js/vendor/codemirror/lib/codemirror.css?v=5.2.1 HTTP/1.1", host: "localhost"
2024/11/17 19:20:27 [notice] 28#28: *2 "^/(\d)(\d)(\d)(\d)(\d)(\d)(\d)(\d)(-[\w-]+)?/.+\.jpg$" does not match "/phpmyadmin/js/vendor/codemirror/lib/codemirror.css", client: 172.18.0.1, server: example.com, request: "GET /phpmyadmin/js/vendor/codemirror/lib/codemirror.css?v=5.2.1 HTTP/1.1", host: "localhost"
2024/11/17 19:20:27 [notice] 31#31: *7 "^/(\d)(\d)(\d)(-[\w-]+)?/.+\.jpg$" does not match "/phpmyadmin/js/vendor/codemirror/addon/lint/lint.css", client: 172.18.0.1, server: example.com, request: "GET /phpmyadmin/js/vendor/codemirror/addon/lint/lint.css?v=5.2.1 HTTP/1.1", host: "localhost"
2024/11/17 19:20:27 [notice] 31#31: *7 "^/(\d)(\d)(\d)(\d)(-[\w-]+)?/.+\.jpg$" does not match "/phpmyadmin/js/vendor/codemirror/addon/lint/lint.css", client: 172.18.0.1, server: example.com, request: "GET /phpmyadmin/js/vendor/codemirror/addon/lint/lint.css?v=5.2.1 HTTP/1.1", host: "localhost"
2024/11/17 19:20:27 [notice] 32#32: *6 "^/(\d)(\d)(\d)(-[\w-]+)?/.+\.jpg$" does not match "/phpmyadmin/js/vendor/jquery/jquery.min.js", client: 172.18.0.1, server: example.com, request: "GET /phpmyadmin/js/vendor/jquery/jquery.min.js?v=5.2.1 HTTP/1.1", host: "localhost"
2024/11/17 19:20:27 [notice] 32#32: *6 "^/(\d)(\d)(\d)(\d)(-[\w-]+)?/.+\.jpg$" does not match "/phpmyadmin/js/vendor/jquery/jquery.min.js", client: 172.18.0.1, server: example.com, request: "GET /phpmyadmin/js/vendor/jquery/jquery.min.js?v=5.2.1 HTTP/1.1", host: "localhost"
2024/11/17 19:20:27 [notice] 29#29: *1 "^/(\d)(-[\w-]+)?/.+\.jpg$" does not match "/phpmyadmin/js/vendor/jquery/jquery-migrate.min.js", client: 172.18.0.1, server: example.com, request: "GET /phpmyadmin/js/vendor/jquery/jquery-migrate.min.js?v=5.2.1 HTTP/1.1", host: "localhost"
2024/11/17 19:20:27 [notice] 29#29: *1 "^/(\d)(\d)(-[\w-]+)?/.+\.jpg$" does not match "/phpmyadmin/js/vendor/jquery/jquery-migrate.min.js", client: 172.18.0.1, server: example.com, request: "GET /phpmyadmin/js/vendor/jquery/jquery-migrate.min.js?v=5.2.1 HTTP/1.1", host: "localhost"
2024/11/17 19:20:27 [notice] 30#30: *5 "^/(\d)(\d)(\d)(-[\w-]+)?/.+\.jpg$" does not match "/phpmyadmin/js/vendor/codemirror/addon/hint/show-hint.css", client: 172.18.0.1, server: example.com, request: "GET /phpmyadmin/js/vendor/codemirror/addon/hint/show-hint.css?v=5.2.1 HTTP/1.1", host: "localhost"
2024/11/17 19:20:27 [notice] 30#30: *5 "^/(\d)(\d)(\d)(\d)(-[\w-]+)?/.+\.jpg$" does not match "/phpmyadmin/js/vendor/codemirror/addon/hint/show-hint.css", client: 172.18.0.1, server: example.com, request: "GET /phpmyadmin/js/vendor/codemirror/addon/hint/show-hint.css?v=5.2.1 HTTP/1.1", host: "localhost"
2024/11/17 19:20:27 [notice] 28#28: *2 "^/c/([\w.-]+)/.+\.jpg$" does not match "/phpmyadmin/js/vendor/codemirror/lib/codemirror.css", client: 172.18.0.1, server: example.com, request: "GET /phpmyadmin/js/vendor/codemirror/lib/codemirror.css?v=5.2.1 HTTP/1.1", host: "localhost"
2024/11/17 19:20:27 [notice] 28#28: *2 "^images_ie/?([^/]+)\.(gif|jpe?g|png)$" does not match "/phpmyadmin/js/vendor/codemirror/lib/codemirror.css", client: 172.18.0.1, server: example.com, request: "GET /phpmyadmin/js/vendor/codemirror/lib/codemirror.css?v=5.2.1 HTTP/1.1", host: "localhost"
2024/11/17 19:20:27 [notice] 31#31: *7 "^/(\d)(\d)(\d)(\d)(\d)(-[\w-]+)?/.+\.jpg$" does not match "/phpmyadmin/js/vendor/codemirror/addon/lint/lint.css", client: 172.18.0.1, server: example.com, request: "GET /phpmyadmin/js/vendor/codemirror/addon/lint/lint.css?v=5.2.1 HTTP/1.1", host: "localhost"
2024/11/17 19:20:27 [notice] 31#31: *7 "^/(\d)(\d)(\d)(\d)(\d)(\d)(-[\w-]+)?/.+\.jpg$" does not match "/phpmyadmin/js/vendor/codemirror/addon/lint/lint.css", client: 172.18.0.1, server: example.com, request: "GET /phpmyadmin/js/vendor/codemirror/addon/lint/lint.css?v=5.2.1 HTTP/1.1", host: "localhost"
2024/11/17 19:20:27 [notice] 32#32: *6 "^/(\d)(\d)(\d)(\d)(\d)(-[\w-]+)?/.+\.jpg$" does not match "/phpmyadmin/js/vendor/jquery/jquery.min.js", client: 172.18.0.1, server: example.com, request: "GET /phpmyadmin/js/vendor/jquery/jquery.min.js?v=5.2.1 HTTP/1.1", host: "localhost"
2024/11/17 19:20:27 [notice] 32#32: *6 "^/(\d)(\d)(\d)(\d)(\d)(\d)(-[\w-]+)?/.+\.jpg$" does not match "/phpmyadmin/js/vendor/jquery/jquery.min.js", client: 172.18.0.1, server: example.com, request: "GET /phpmyadmin/js/vendor/jquery/jquery.min.js?v=5.2.1 HTTP/1.1", host: "localhost"
2024/11/17 19:20:27 [notice] 29#29: *1 "^/(\d)(\d)(\d)(-[\w-]+)?/.+\.jpg$" does not match "/phpmyadmin/js/vendor/jquery/jquery-migrate.min.js", client: 172.18.0.1, server: example.com, request: "GET /phpmyadmin/js/vendor/jquery/jquery-migrate.min.js?v=5.2.1 HTTP/1.1", host: "localhost"
2024/11/17 19:20:27 [notice] 29#29: *1 "^/(\d)(\d)(\d)(\d)(-[\w-]+)?/.+\.jpg$" does not match "/phpmyadmin/js/vendor/jquery/jquery-migrate.min.js", client: 172.18.0.1, server: example.com, request: "GET /phpmyadmin/js/vendor/jquery/jquery-migrate.min.js?v=5.2.1 HTTP/1.1", host: "localhost"
2024/11/17 19:20:27 [notice] 30#30: *5 "^/(\d)(\d)(\d)(\d)(\d)(-[\w-]+)?/.+\.jpg$" does not match "/phpmyadmin/js/vendor/codemirror/addon/hint/show-hint.css", client: 172.18.0.1, server: example.com, request: "GET /phpmyadmin/js/vendor/codemirror/addon/hint/show-hint.css?v=5.2.1 HTTP/1.1", host: "localhost"
2024/11/17 19:20:27 [notice] 30#30: *5 "^/(\d)(\d)(\d)(\d)(\d)(\d)(-[\w-]+)?/.+\.jpg$" does not match "/phpmyadmin/js/vendor/codemirror/addon/hint/show-hint.css", client: 172.18.0.1, server: example.com, request: "GET /phpmyadmin/js/vendor/codemirror/addon/hint/show-hint.css?v=5.2.1 HTTP/1.1", host: "localhost"
2024/11/17 19:20:27 [notice] 28#28: *2 "^/api/?(.*)$" does not match "/phpmyadmin/js/vendor/codemirror/lib/codemirror.css", client: 172.18.0.1, server: example.com, request: "GET /phpmyadmin/js/vendor/codemirror/lib/codemirror.css?v=5.2.1 HTTP/1.1", host: "localhost"
2024/11/17 19:20:27 [notice] 28#28: *2 "^(/install(?:-dev)?/sandbox)/.*" does not match "/phpmyadmin/js/vendor/codemirror/lib/codemirror.css", client: 172.18.0.1, server: example.com, request: "GET /phpmyadmin/js/vendor/codemirror/lib/codemirror.css?v=5.2.1 HTTP/1.1", host: "localhost"
2024/11/17 19:20:27 [notice] 31#31: *7 "^/(\d)(\d)(\d)(\d)(\d)(\d)(\d)(-[\w-]+)?/.+\.jpg$" does not match "/phpmyadmin/js/vendor/codemirror/addon/lint/lint.css", client: 172.18.0.1, server: example.com, request: "GET /phpmyadmin/js/vendor/codemirror/addon/lint/lint.css?v=5.2.1 HTTP/1.1", host: "localhost"
2024/11/17 19:20:27 [notice] 31#31: *7 "^/(\d)(\d)(\d)(\d)(\d)(\d)(\d)(\d)(-[\w-]+)?/.+\.jpg$" does not match "/phpmyadmin/js/vendor/codemirror/addon/lint/lint.css", client: 172.18.0.1, server: example.com, request: "GET /phpmyadmin/js/vendor/codemirror/addon/lint/lint.css?v=5.2.1 HTTP/1.1", host: "localhost"
2024/11/17 19:20:27 [notice] 32#32: *6 "^/(\d)(\d)(\d)(\d)(\d)(\d)(\d)(-[\w-]+)?/.+\.jpg$" does not match "/phpmyadmin/js/vendor/jquery/jquery.min.js", client: 172.18.0.1, server: example.com, request: "GET /phpmyadmin/js/vendor/jquery/jquery.min.js?v=5.2.1 HTTP/1.1", host: "localhost"
2024/11/17 19:20:27 [notice] 32#32: *6 "^/(\d)(\d)(\d)(\d)(\d)(\d)(\d)(\d)(-[\w-]+)?/.+\.jpg$" does not match "/phpmyadmin/js/vendor/jquery/jquery.min.js", client: 172.18.0.1, server: example.com, request: "GET /phpmyadmin/js/vendor/jquery/jquery.min.js?v=5.2.1 HTTP/1.1", host: "localhost"
2024/11/17 19:20:27 [notice] 29#29: *1 "^/(\d)(\d)(\d)(\d)(\d)(-[\w-]+)?/.+\.jpg$" does not match "/phpmyadmin/js/vendor/jquery/jquery-migrate.min.js", client: 172.18.0.1, server: example.com, request: "GET /phpmyadmin/js/vendor/jquery/jquery-migrate.min.js?v=5.2.1 HTTP/1.1", host: "localhost"
2024/11/17 19:20:27 [notice] 29#29: *1 "^/(\d)(\d)(\d)(\d)(\d)(\d)(-[\w-]+)?/.+\.jpg$" does not match "/phpmyadmin/js/vendor/jquery/jquery-migrate.min.js", client: 172.18.0.1, server: example.com, request: "GET /phpmyadmin/js/vendor/jquery/jquery-migrate.min.js?v=5.2.1 HTTP/1.1", host: "localhost"
2024/11/17 19:20:27 [notice] 30#30: *5 "^/(\d)(\d)(\d)(\d)(\d)(\d)(\d)(-[\w-]+)?/.+\.jpg$" does not match "/phpmyadmin/js/vendor/codemirror/addon/hint/show-hint.css", client: 172.18.0.1, server: example.com, request: "GET /phpmyadmin/js/vendor/codemirror/addon/hint/show-hint.css?v=5.2.1 HTTP/1.1", host: "localhost"
2024/11/17 19:20:27 [notice] 30#30: *5 "^/(\d)(\d)(\d)(\d)(\d)(\d)(\d)(\d)(-[\w-]+)?/.+\.jpg$" does not match "/phpmyadmin/js/vendor/codemirror/addon/hint/show-hint.css", client: 172.18.0.1, server: example.com, request: "GET /phpmyadmin/js/vendor/codemirror/addon/hint/show-hint.css?v=5.2.1 HTTP/1.1", host: "localhost"
2024/11/17 19:20:27 [notice] 31#31: *7 "^/c/([\w.-]+)/.+\.jpg$" does not match "/phpmyadmin/js/vendor/codemirror/addon/lint/lint.css", client: 172.18.0.1, server: example.com, request: "GET /phpmyadmin/js/vendor/codemirror/addon/lint/lint.css?v=5.2.1 HTTP/1.1", host: "localhost"
2024/11/17 19:20:27 [notice] 31#31: *7 "^images_ie/?([^/]+)\.(gif|jpe?g|png)$" does not match "/phpmyadmin/js/vendor/codemirror/addon/lint/lint.css", client: 172.18.0.1, server: example.com, request: "GET /phpmyadmin/js/vendor/codemirror/addon/lint/lint.css?v=5.2.1 HTTP/1.1", host: "localhost"
2024/11/17 19:20:27 [notice] 32#32: *6 "^/c/([\w.-]+)/.+\.jpg$" does not match "/phpmyadmin/js/vendor/jquery/jquery.min.js", client: 172.18.0.1, server: example.com, request: "GET /phpmyadmin/js/vendor/jquery/jquery.min.js?v=5.2.1 HTTP/1.1", host: "localhost"
2024/11/17 19:20:27 [notice] 28#28: *2 "^/(\d)(-[\w-]+)?/.+\.jpg$" does not match "/phpmyadmin/js/vendor/sprintf.js", client: 172.18.0.1, server: example.com, request: "GET /phpmyadmin/js/vendor/sprintf.js?v=5.2.1 HTTP/1.1", host: "localhost"
2024/11/17 19:20:27 [notice] 29#29: *1 "^/(\d)(\d)(\d)(\d)(\d)(\d)(\d)(-[\w-]+)?/.+\.jpg$" does not match "/phpmyadmin/js/vendor/jquery/jquery-migrate.min.js", client: 172.18.0.1, server: example.com, request: "GET /phpmyadmin/js/vendor/jquery/jquery-migrate.min.js?v=5.2.1 HTTP/1.1", host: "localhost"
2024/11/17 19:20:27 [notice] 29#29: *1 "^/(\d)(\d)(\d)(\d)(\d)(\d)(\d)(\d)(-[\w-]+)?/.+\.jpg$" does not match "/phpmyadmin/js/vendor/jquery/jquery-migrate.min.js", client: 172.18.0.1, server: example.com, request: "GET /phpmyadmin/js/vendor/jquery/jquery-migrate.min.js?v=5.2.1 HTTP/1.1", host: "localhost"
2024/11/17 19:20:27 [notice] 30#30: *5 "^/c/([\w.-]+)/.+\.jpg$" does not match "/phpmyadmin/js/vendor/codemirror/addon/hint/show-hint.css", client: 172.18.0.1, server: example.com, request: "GET /phpmyadmin/js/vendor/codemirror/addon/hint/show-hint.css?v=5.2.1 HTTP/1.1", host: "localhost"
2024/11/17 19:20:27 [notice] 30#30: *5 "^images_ie/?([^/]+)\.(gif|jpe?g|png)$" does not match "/phpmyadmin/js/vendor/codemirror/addon/hint/show-hint.css", client: 172.18.0.1, server: example.com, request: "GET /phpmyadmin/js/vendor/codemirror/addon/hint/show-hint.css?v=5.2.1 HTTP/1.1", host: "localhost"
2024/11/17 19:20:27 [notice] 31#31: *7 "^/api/?(.*)$" does not match "/phpmyadmin/js/vendor/codemirror/addon/lint/lint.css", client: 172.18.0.1, server: example.com, request: "GET /phpmyadmin/js/vendor/codemirror/addon/lint/lint.css?v=5.2.1 HTTP/1.1", host: "localhost"
2024/11/17 19:20:27 [notice] 31#31: *7 "^(/install(?:-dev)?/sandbox)/.*" does not match "/phpmyadmin/js/vendor/codemirror/addon/lint/lint.css", client: 172.18.0.1, server: example.com, request: "GET /phpmyadmin/js/vendor/codemirror/addon/lint/lint.css?v=5.2.1 HTTP/1.1", host: "localhost"
2024/11/17 19:20:27 [notice] 32#32: *6 "^images_ie/?([^/]+)\.(gif|jpe?g|png)$" does not match "/phpmyadmin/js/vendor/jquery/jquery.min.js", client: 172.18.0.1, server: example.com, request: "GET /phpmyadmin/js/vendor/jquery/jquery.min.js?v=5.2.1 HTTP/1.1", host: "localhost"
2024/11/17 19:20:27 [notice] 32#32: *6 "^/api/?(.*)$" does not match "/phpmyadmin/js/vendor/jquery/jquery.min.js", client: 172.18.0.1, server: example.com, request: "GET /phpmyadmin/js/vendor/jquery/jquery.min.js?v=5.2.1 HTTP/1.1", host: "localhost"
2024/11/17 19:20:27 [notice] 28#28: *2 "^/(\d)(\d)(-[\w-]+)?/.+\.jpg$" does not match "/phpmyadmin/js/vendor/sprintf.js", client: 172.18.0.1, server: example.com, request: "GET /phpmyadmin/js/vendor/sprintf.js?v=5.2.1 HTTP/1.1", host: "localhost"
2024/11/17 19:20:27 [notice] 28#28: *2 "^/(\d)(\d)(\d)(-[\w-]+)?/.+\.jpg$" does not match "/phpmyadmin/js/vendor/sprintf.js", client: 172.18.0.1, server: example.com, request: "GET /phpmyadmin/js/vendor/sprintf.js?v=5.2.1 HTTP/1.1", host: "localhost"
2024/11/17 19:20:27 [notice] 29#29: *1 "^/c/([\w.-]+)/.+\.jpg$" does not match "/phpmyadmin/js/vendor/jquery/jquery-migrate.min.js", client: 172.18.0.1, server: example.com, request: "GET /phpmyadmin/js/vendor/jquery/jquery-migrate.min.js?v=5.2.1 HTTP/1.1", host: "localhost"
2024/11/17 19:20:27 [notice] 29#29: *1 "^images_ie/?([^/]+)\.(gif|jpe?g|png)$" does not match "/phpmyadmin/js/vendor/jquery/jquery-migrate.min.js", client: 172.18.0.1, server: example.com, request: "GET /phpmyadmin/js/vendor/jquery/jquery-migrate.min.js?v=5.2.1 HTTP/1.1", host: "localhost"
2024/11/17 19:20:27 [notice] 30#30: *5 "^/api/?(.*)$" does not match "/phpmyadmin/js/vendor/codemirror/addon/hint/show-hint.css", client: 172.18.0.1, server: example.com, request: "GET /phpmyadmin/js/vendor/codemirror/addon/hint/show-hint.css?v=5.2.1 HTTP/1.1", host: "localhost"
2024/11/17 19:20:27 [notice] 30#30: *5 "^(/install(?:-dev)?/sandbox)/.*" does not match "/phpmyadmin/js/vendor/codemirror/addon/hint/show-hint.css", client: 172.18.0.1, server: example.com, request: "GET /phpmyadmin/js/vendor/codemirror/addon/hint/show-hint.css?v=5.2.1 HTTP/1.1", host: "localhost"
2024/11/17 19:20:27 [notice] 32#32: *6 "^(/install(?:-dev)?/sandbox)/.*" does not match "/phpmyadmin/js/vendor/jquery/jquery.min.js", client: 172.18.0.1, server: example.com, request: "GET /phpmyadmin/js/vendor/jquery/jquery.min.js?v=5.2.1 HTTP/1.1", host: "localhost"
2024/11/17 19:20:27 [notice] 28#28: *2 "^/(\d)(\d)(\d)(\d)(-[\w-]+)?/.+\.jpg$" does not match "/phpmyadmin/js/vendor/sprintf.js", client: 172.18.0.1, server: example.com, request: "GET /phpmyadmin/js/vendor/sprintf.js?v=5.2.1 HTTP/1.1", host: "localhost"
2024/11/17 19:20:27 [notice] 28#28: *2 "^/(\d)(\d)(\d)(\d)(\d)(-[\w-]+)?/.+\.jpg$" does not match "/phpmyadmin/js/vendor/sprintf.js", client: 172.18.0.1, server: example.com, request: "GET /phpmyadmin/js/vendor/sprintf.js?v=5.2.1 HTTP/1.1", host: "localhost"
2024/11/17 19:20:27 [notice] 29#29: *1 "^/api/?(.*)$" does not match "/phpmyadmin/js/vendor/jquery/jquery-migrate.min.js", client: 172.18.0.1, server: example.com, request: "GET /phpmyadmin/js/vendor/jquery/jquery-migrate.min.js?v=5.2.1 HTTP/1.1", host: "localhost"
2024/11/17 19:20:27 [notice] 29#29: *1 "^(/install(?:-dev)?/sandbox)/.*" does not match "/phpmyadmin/js/vendor/jquery/jquery-migrate.min.js", client: 172.18.0.1, server: example.com, request: "GET /phpmyadmin/js/vendor/jquery/jquery-migrate.min.js?v=5.2.1 HTTP/1.1", host: "localhost"
2024/11/17 19:20:27 [notice] 32#32: *4 "^/(\d)(-[\w-]+)?/.+\.jpg$" does not match "/phpmyadmin/themes/pmahomme/css/theme.css", client: 172.18.0.1, server: example.com, request: "GET /phpmyadmin/themes/pmahomme/css/theme.css?v=5.2.1 HTTP/1.1", host: "localhost"
2024/11/17 19:20:27 [notice] 32#32: *4 "^/(\d)(\d)(-[\w-]+)?/.+\.jpg$" does not match "/phpmyadmin/themes/pmahomme/css/theme.css", client: 172.18.0.1, server: example.com, request: "GET /phpmyadmin/themes/pmahomme/css/theme.css?v=5.2.1 HTTP/1.1", host: "localhost"
2024/11/17 19:20:27 [notice] 31#31: *7 "^/(\d)(-[\w-]+)?/.+\.jpg$" does not match "/phpmyadmin/js/dist/ajax.js", client: 172.18.0.1, server: example.com, request: "GET /phpmyadmin/js/dist/ajax.js?v=5.2.1 HTTP/1.1", host: "localhost"
2024/11/17 19:20:27 [notice] 31#31: *7 "^/(\d)(\d)(-[\w-]+)?/.+\.jpg$" does not match "/phpmyadmin/js/dist/ajax.js", client: 172.18.0.1, server: example.com, request: "GET /phpmyadmin/js/dist/ajax.js?v=5.2.1 HTTP/1.1", host: "localhost"
2024/11/17 19:20:27 [notice] 28#28: *2 "^/(\d)(\d)(\d)(\d)(\d)(\d)(-[\w-]+)?/.+\.jpg$" does not match "/phpmyadmin/js/vendor/sprintf.js", client: 172.18.0.1, server: example.com, request: "GET /phpmyadmin/js/vendor/sprintf.js?v=5.2.1 HTTP/1.1", host: "localhost"
2024/11/17 19:20:27 [notice] 28#28: *2 "^/(\d)(\d)(\d)(\d)(\d)(\d)(\d)(-[\w-]+)?/.+\.jpg$" does not match "/phpmyadmin/js/vendor/sprintf.js", client: 172.18.0.1, server: example.com, request: "GET /phpmyadmin/js/vendor/sprintf.js?v=5.2.1 HTTP/1.1", host: "localhost"
2024/11/17 19:20:27 [notice] 30#30: *5 "^/(\d)(-[\w-]+)?/.+\.jpg$" does not match "/phpmyadmin/js/dist/keyhandler.js", client: 172.18.0.1, server: example.com, request: "GET /phpmyadmin/js/dist/keyhandler.js?v=5.2.1 HTTP/1.1", host: "localhost"
2024/11/17 19:20:27 [notice] 30#30: *5 "^/(\d)(\d)(-[\w-]+)?/.+\.jpg$" does not match "/phpmyadmin/js/dist/keyhandler.js", client: 172.18.0.1, server: example.com, request: "GET /phpmyadmin/js/dist/keyhandler.js?v=5.2.1 HTTP/1.1", host: "localhost"
2024/11/17 19:20:27 [notice] 32#32: *4 "^/(\d)(\d)(\d)(-[\w-]+)?/.+\.jpg$" does not match "/phpmyadmin/themes/pmahomme/css/theme.css", client: 172.18.0.1, server: example.com, request: "GET /phpmyadmin/themes/pmahomme/css/theme.css?v=5.2.1 HTTP/1.1", host: "localhost"
2024/11/17 19:20:27 [notice] 32#32: *4 "^/(\d)(\d)(\d)(\d)(-[\w-]+)?/.+\.jpg$" does not match "/phpmyadmin/themes/pmahomme/css/theme.css", client: 172.18.0.1, server: example.com, request: "GET /phpmyadmin/themes/pmahomme/css/theme.css?v=5.2.1 HTTP/1.1", host: "localhost"
2024/11/17 19:20:27 [notice] 31#31: *7 "^/(\d)(\d)(\d)(-[\w-]+)?/.+\.jpg$" does not match "/phpmyadmin/js/dist/ajax.js", client: 172.18.0.1, server: example.com, request: "GET /phpmyadmin/js/dist/ajax.js?v=5.2.1 HTTP/1.1", host: "localhost"
2024/11/17 19:20:27 [notice] 31#31: *7 "^/(\d)(\d)(\d)(\d)(-[\w-]+)?/.+\.jpg$" does not match "/phpmyadmin/js/dist/ajax.js", client: 172.18.0.1, server: example.com, request: "GET /phpmyadmin/js/dist/ajax.js?v=5.2.1 HTTP/1.1", host: "localhost"
2024/11/17 19:20:27 [notice] 28#28: *2 "^/(\d)(\d)(\d)(\d)(\d)(\d)(\d)(\d)(-[\w-]+)?/.+\.jpg$" does not match "/phpmyadmin/js/vendor/sprintf.js", client: 172.18.0.1, server: example.com, request: "GET /phpmyadmin/js/vendor/sprintf.js?v=5.2.1 HTTP/1.1", host: "localhost"
2024/11/17 19:20:27 [notice] 28#28: *2 "^/c/([\w.-]+)/.+\.jpg$" does not match "/phpmyadmin/js/vendor/sprintf.js", client: 172.18.0.1, server: example.com, request: "GET /phpmyadmin/js/vendor/sprintf.js?v=5.2.1 HTTP/1.1", host: "localhost"
2024/11/17 19:20:27 [notice] 30#30: *5 "^/(\d)(\d)(\d)(-[\w-]+)?/.+\.jpg$" does not match "/phpmyadmin/js/dist/keyhandler.js", client: 172.18.0.1, server: example.com, request: "GET /phpmyadmin/js/dist/keyhandler.js?v=5.2.1 HTTP/1.1", host: "localhost"
2024/11/17 19:20:27 [notice] 30#30: *5 "^/(\d)(\d)(\d)(\d)(-[\w-]+)?/.+\.jpg$" does not match "/phpmyadmin/js/dist/keyhandler.js", client: 172.18.0.1, server: example.com, request: "GET /phpmyadmin/js/dist/keyhandler.js?v=5.2.1 HTTP/1.1", host: "localhost"
2024/11/17 19:20:27 [notice] 29#29: *1 "^/(\d)(-[\w-]+)?/.+\.jpg$" does not match "/phpmyadmin/js/dist/name-conflict-fixes.js", client: 172.18.0.1, server: example.com, request: "GET /phpmyadmin/js/dist/name-conflict-fixes.js?v=5.2.1 HTTP/1.1", host: "localhost"
2024/11/17 19:20:27 [notice] 29#29: *1 "^/(\d)(\d)(-[\w-]+)?/.+\.jpg$" does not match "/phpmyadmin/js/dist/name-conflict-fixes.js", client: 172.18.0.1, server: example.com, request: "GET /phpmyadmin/js/dist/name-conflict-fixes.js?v=5.2.1 HTTP/1.1", host: "localhost"
2024/11/17 19:20:27 [notice] 32#32: *4 "^/(\d)(\d)(\d)(\d)(\d)(-[\w-]+)?/.+\.jpg$" does not match "/phpmyadmin/themes/pmahomme/css/theme.css", client: 172.18.0.1, server: example.com, request: "GET /phpmyadmin/themes/pmahomme/css/theme.css?v=5.2.1 HTTP/1.1", host: "localhost"
2024/11/17 19:20:27 [notice] 32#32: *4 "^/(\d)(\d)(\d)(\d)(\d)(\d)(-[\w-]+)?/.+\.jpg$" does not match "/phpmyadmin/themes/pmahomme/css/theme.css", client: 172.18.0.1, server: example.com, request: "GET /phpmyadmin/themes/pmahomme/css/theme.css?v=5.2.1 HTTP/1.1", host: "localhost"
2024/11/17 19:20:27 [notice] 31#31: *7 "^/(\d)(\d)(\d)(\d)(\d)(-[\w-]+)?/.+\.jpg$" does not match "/phpmyadmin/js/dist/ajax.js", client: 172.18.0.1, server: example.com, request: "GET /phpmyadmin/js/dist/ajax.js?v=5.2.1 HTTP/1.1", host: "localhost"
2024/11/17 19:20:27 [notice] 31#31: *7 "^/(\d)(\d)(\d)(\d)(\d)(\d)(-[\w-]+)?/.+\.jpg$" does not match "/phpmyadmin/js/dist/ajax.js", client: 172.18.0.1, server: example.com, request: "GET /phpmyadmin/js/dist/ajax.js?v=5.2.1 HTTP/1.1", host: "localhost"
2024/11/17 19:20:27 [notice] 28#28: *2 "^images_ie/?([^/]+)\.(gif|jpe?g|png)$" does not match "/phpmyadmin/js/vendor/sprintf.js", client: 172.18.0.1, server: example.com, request: "GET /phpmyadmin/js/vendor/sprintf.js?v=5.2.1 HTTP/1.1", host: "localhost"
2024/11/17 19:20:27 [notice] 28#28: *2 "^/api/?(.*)$" does not match "/phpmyadmin/js/vendor/sprintf.js", client: 172.18.0.1, server: example.com, request: "GET /phpmyadmin/js/vendor/sprintf.js?v=5.2.1 HTTP/1.1", host: "localhost"
2024/11/17 19:20:27 [notice] 30#30: *5 "^/(\d)(\d)(\d)(\d)(\d)(-[\w-]+)?/.+\.jpg$" does not match "/phpmyadmin/js/dist/keyhandler.js", client: 172.18.0.1, server: example.com, request: "GET /phpmyadmin/js/dist/keyhandler.js?v=5.2.1 HTTP/1.1", host: "localhost"
2024/11/17 19:20:27 [notice] 30#30: *5 "^/(\d)(\d)(\d)(\d)(\d)(\d)(-[\w-]+)?/.+\.jpg$" does not match "/phpmyadmin/js/dist/keyhandler.js", client: 172.18.0.1, server: example.com, request: "GET /phpmyadmin/js/dist/keyhandler.js?v=5.2.1 HTTP/1.1", host: "localhost"
2024/11/17 19:20:27 [notice] 29#29: *1 "^/(\d)(\d)(\d)(-[\w-]+)?/.+\.jpg$" does not match "/phpmyadmin/js/dist/name-conflict-fixes.js", client: 172.18.0.1, server: example.com, request: "GET /phpmyadmin/js/dist/name-conflict-fixes.js?v=5.2.1 HTTP/1.1", host: "localhost"
2024/11/17 19:20:27 [notice] 29#29: *1 "^/(\d)(\d)(\d)(\d)(-[\w-]+)?/.+\.jpg$" does not match "/phpmyadmin/js/dist/name-conflict-fixes.js", client: 172.18.0.1, server: example.com, request: "GET /phpmyadmin/js/dist/name-conflict-fixes.js?v=5.2.1 HTTP/1.1", host: "localhost"
2024/11/17 19:20:27 [notice] 32#32: *4 "^/(\d)(\d)(\d)(\d)(\d)(\d)(\d)(-[\w-]+)?/.+\.jpg$" does not match "/phpmyadmin/themes/pmahomme/css/theme.css", client: 172.18.0.1, server: example.com, request: "GET /phpmyadmin/themes/pmahomme/css/theme.css?v=5.2.1 HTTP/1.1", host: "localhost"
2024/11/17 19:20:27 [notice] 32#32: *4 "^/(\d)(\d)(\d)(\d)(\d)(\d)(\d)(\d)(-[\w-]+)?/.+\.jpg$" does not match "/phpmyadmin/themes/pmahomme/css/theme.css", client: 172.18.0.1, server: example.com, request: "GET /phpmyadmin/themes/pmahomme/css/theme.css?v=5.2.1 HTTP/1.1", host: "localhost"
2024/11/17 19:20:27 [notice] 31#31: *7 "^/(\d)(\d)(\d)(\d)(\d)(\d)(\d)(-[\w-]+)?/.+\.jpg$" does not match "/phpmyadmin/js/dist/ajax.js", client: 172.18.0.1, server: example.com, request: "GET /phpmyadmin/js/dist/ajax.js?v=5.2.1 HTTP/1.1", host: "localhost"
2024/11/17 19:20:27 [notice] 31#31: *7 "^/(\d)(\d)(\d)(\d)(\d)(\d)(\d)(\d)(-[\w-]+)?/.+\.jpg$" does not match "/phpmyadmin/js/dist/ajax.js", client: 172.18.0.1, server: example.com, request: "GET /phpmyadmin/js/dist/ajax.js?v=5.2.1 HTTP/1.1", host: "localhost"
2024/11/17 19:20:27 [notice] 28#28: *2 "^(/install(?:-dev)?/sandbox)/.*" does not match "/phpmyadmin/js/vendor/sprintf.js", client: 172.18.0.1, server: example.com, request: "GET /phpmyadmin/js/vendor/sprintf.js?v=5.2.1 HTTP/1.1", host: "localhost"
2024/11/17 19:20:27 [notice] 30#30: *5 "^/(\d)(\d)(\d)(\d)(\d)(\d)(\d)(-[\w-]+)?/.+\.jpg$" does not match "/phpmyadmin/js/dist/keyhandler.js", client: 172.18.0.1, server: example.com, request: "GET /phpmyadmin/js/dist/keyhandler.js?v=5.2.1 HTTP/1.1", host: "localhost"
2024/11/17 19:20:27 [notice] 29#29: *1 "^/(\d)(\d)(\d)(\d)(\d)(-[\w-]+)?/.+\.jpg$" does not match "/phpmyadmin/js/dist/name-conflict-fixes.js", client: 172.18.0.1, server: example.com, request: "GET /phpmyadmin/js/dist/name-conflict-fixes.js?v=5.2.1 HTTP/1.1", host: "localhost"
2024/11/17 19:20:27 [notice] 29#29: *1 "^/(\d)(\d)(\d)(\d)(\d)(\d)(-[\w-]+)?/.+\.jpg$" does not match "/phpmyadmin/js/dist/name-conflict-fixes.js", client: 172.18.0.1, server: example.com, request: "GET /phpmyadmin/js/dist/name-conflict-fixes.js?v=5.2.1 HTTP/1.1", host: "localhost"
2024/11/17 19:20:27 [notice] 32#32: *4 "^/c/([\w.-]+)/.+\.jpg$" does not match "/phpmyadmin/themes/pmahomme/css/theme.css", client: 172.18.0.1, server: example.com, request: "GET /phpmyadmin/themes/pmahomme/css/theme.css?v=5.2.1 HTTP/1.1", host: "localhost"
2024/11/17 19:20:27 [notice] 32#32: *4 "^images_ie/?([^/]+)\.(gif|jpe?g|png)$" does not match "/phpmyadmin/themes/pmahomme/css/theme.css", client: 172.18.0.1, server: example.com, request: "GET /phpmyadmin/themes/pmahomme/css/theme.css?v=5.2.1 HTTP/1.1", host: "localhost"
2024/11/17 19:20:27 [notice] 31#31: *7 "^/c/([\w.-]+)/.+\.jpg$" does not match "/phpmyadmin/js/dist/ajax.js", client: 172.18.0.1, server: example.com, request: "GET /phpmyadmin/js/dist/ajax.js?v=5.2.1 HTTP/1.1", host: "localhost"
2024/11/17 19:20:27 [notice] 31#31: *7 "^images_ie/?([^/]+)\.(gif|jpe?g|png)$" does not match "/phpmyadmin/js/dist/ajax.js", client: 172.18.0.1, server: example.com, request: "GET /phpmyadmin/js/dist/ajax.js?v=5.2.1 HTTP/1.1", host: "localhost"
2024/11/17 19:20:27 [notice] 30#30: *5 "^/(\d)(\d)(\d)(\d)(\d)(\d)(\d)(\d)(-[\w-]+)?/.+\.jpg$" does not match "/phpmyadmin/js/dist/keyhandler.js", client: 172.18.0.1, server: example.com, request: "GET /phpmyadmin/js/dist/keyhandler.js?v=5.2.1 HTTP/1.1", host: "localhost"
2024/11/17 19:20:27 [notice] 30#30: *5 "^/c/([\w.-]+)/.+\.jpg$" does not match "/phpmyadmin/js/dist/keyhandler.js", client: 172.18.0.1, server: example.com, request: "GET /phpmyadmin/js/dist/keyhandler.js?v=5.2.1 HTTP/1.1", host: "localhost"
2024/11/17 19:20:27 [notice] 29#29: *1 "^/(\d)(\d)(\d)(\d)(\d)(\d)(\d)(-[\w-]+)?/.+\.jpg$" does not match "/phpmyadmin/js/dist/name-conflict-fixes.js", client: 172.18.0.1, server: example.com, request: "GET /phpmyadmin/js/dist/name-conflict-fixes.js?v=5.2.1 HTTP/1.1", host: "localhost"
2024/11/17 19:20:27 [notice] 29#29: *1 "^/(\d)(\d)(\d)(\d)(\d)(\d)(\d)(\d)(-[\w-]+)?/.+\.jpg$" does not match "/phpmyadmin/js/dist/name-conflict-fixes.js", client: 172.18.0.1, server: example.com, request: "GET /phpmyadmin/js/dist/name-conflict-fixes.js?v=5.2.1 HTTP/1.1", host: "localhost"
2024/11/17 19:20:27 [notice] 32#32: *4 "^/api/?(.*)$" does not match "/phpmyadmin/themes/pmahomme/css/theme.css", client: 172.18.0.1, server: example.com, request: "GET /phpmyadmin/themes/pmahomme/css/theme.css?v=5.2.1 HTTP/1.1", host: "localhost"
2024/11/17 19:20:27 [notice] 32#32: *4 "^(/install(?:-dev)?/sandbox)/.*" does not match "/phpmyadmin/themes/pmahomme/css/theme.css", client: 172.18.0.1, server: example.com, request: "GET /phpmyadmin/themes/pmahomme/css/theme.css?v=5.2.1 HTTP/1.1", host: "localhost"
2024/11/17 19:20:27 [notice] 31#31: *7 "^/api/?(.*)$" does not match "/phpmyadmin/js/dist/ajax.js", client: 172.18.0.1, server: example.com, request: "GET /phpmyadmin/js/dist/ajax.js?v=5.2.1 HTTP/1.1", host: "localhost"
2024/11/17 19:20:27 [notice] 31#31: *7 "^(/install(?:-dev)?/sandbox)/.*" does not match "/phpmyadmin/js/dist/ajax.js", client: 172.18.0.1, server: example.com, request: "GET /phpmyadmin/js/dist/ajax.js?v=5.2.1 HTTP/1.1", host: "localhost"
2024/11/17 19:20:27 [notice] 30#30: *5 "^images_ie/?([^/]+)\.(gif|jpe?g|png)$" does not match "/phpmyadmin/js/dist/keyhandler.js", client: 172.18.0.1, server: example.com, request: "GET /phpmyadmin/js/dist/keyhandler.js?v=5.2.1 HTTP/1.1", host: "localhost"
2024/11/17 19:20:27 [notice] 30#30: *5 "^/api/?(.*)$" does not match "/phpmyadmin/js/dist/keyhandler.js", client: 172.18.0.1, server: example.com, request: "GET /phpmyadmin/js/dist/keyhandler.js?v=5.2.1 HTTP/1.1", host: "localhost"
2024/11/17 19:20:27 [notice] 29#29: *1 "^/c/([\w.-]+)/.+\.jpg$" does not match "/phpmyadmin/js/dist/name-conflict-fixes.js", client: 172.18.0.1, server: example.com, request: "GET /phpmyadmin/js/dist/name-conflict-fixes.js?v=5.2.1 HTTP/1.1", host: "localhost"
2024/11/17 19:20:27 [notice] 29#29: *1 "^images_ie/?([^/]+)\.(gif|jpe?g|png)$" does not match "/phpmyadmin/js/dist/name-conflict-fixes.js", client: 172.18.0.1, server: example.com, request: "GET /phpmyadmin/js/dist/name-conflict-fixes.js?v=5.2.1 HTTP/1.1", host: "localhost"
2024/11/17 19:20:27 [notice] 32#32: *6 "^/(\d)(-[\w-]+)?/.+\.jpg$" does not match "/phpmyadmin/js/vendor/jquery/jquery-ui.min.js", client: 172.18.0.1, server: example.com, request: "GET /phpmyadmin/js/vendor/jquery/jquery-ui.min.js?v=5.2.1 HTTP/1.1", host: "localhost"
2024/11/17 19:20:27 [notice] 32#32: *6 "^/(\d)(\d)(-[\w-]+)?/.+\.jpg$" does not match "/phpmyadmin/js/vendor/jquery/jquery-ui.min.js", client: 172.18.0.1, server: example.com, request: "GET /phpmyadmin/js/vendor/jquery/jquery-ui.min.js?v=5.2.1 HTTP/1.1", host: "localhost"
2024/11/17 19:20:27 [notice] 28#28: *2 "^/(\d)(-[\w-]+)?/.+\.jpg$" does not match "/phpmyadmin/js/vendor/bootstrap/bootstrap.bundle.min.js", client: 172.18.0.1, server: example.com, request: "GET /phpmyadmin/js/vendor/bootstrap/bootstrap.bundle.min.js?v=5.2.1 HTTP/1.1", host: "localhost"
2024/11/17 19:20:27 [notice] 28#28: *2 "^/(\d)(\d)(-[\w-]+)?/.+\.jpg$" does not match "/phpmyadmin/js/vendor/bootstrap/bootstrap.bundle.min.js", client: 172.18.0.1, server: example.com, request: "GET /phpmyadmin/js/vendor/bootstrap/bootstrap.bundle.min.js?v=5.2.1 HTTP/1.1", host: "localhost"
2024/11/17 19:20:27 [notice] 30#30: *5 "^(/install(?:-dev)?/sandbox)/.*" does not match "/phpmyadmin/js/dist/keyhandler.js", client: 172.18.0.1, server: example.com, request: "GET /phpmyadmin/js/dist/keyhandler.js?v=5.2.1 HTTP/1.1", host: "localhost"
2024/11/17 19:20:27 [notice] 29#29: *1 "^/api/?(.*)$" does not match "/phpmyadmin/js/dist/name-conflict-fixes.js", client: 172.18.0.1, server: example.com, request: "GET /phpmyadmin/js/dist/name-conflict-fixes.js?v=5.2.1 HTTP/1.1", host: "localhost"
2024/11/17 19:20:27 [notice] 29#29: *1 "^(/install(?:-dev)?/sandbox)/.*" does not match "/phpmyadmin/js/dist/name-conflict-fixes.js", client: 172.18.0.1, server: example.com, request: "GET /phpmyadmin/js/dist/name-conflict-fixes.js?v=5.2.1 HTTP/1.1", host: "localhost"
2024/11/17 19:20:27 [notice] 32#32: *6 "^/(\d)(\d)(\d)(-[\w-]+)?/.+\.jpg$" does not match "/phpmyadmin/js/vendor/jquery/jquery-ui.min.js", client: 172.18.0.1, server: example.com, request: "GET /phpmyadmin/js/vendor/jquery/jquery-ui.min.js?v=5.2.1 HTTP/1.1", host: "localhost"
2024/11/17 19:20:27 [notice] 32#32: *6 "^/(\d)(\d)(\d)(\d)(-[\w-]+)?/.+\.jpg$" does not match "/phpmyadmin/js/vendor/jquery/jquery-ui.min.js", client: 172.18.0.1, server: example.com, request: "GET /phpmyadmin/js/vendor/jquery/jquery-ui.min.js?v=5.2.1 HTTP/1.1", host: "localhost"
2024/11/17 19:20:27 [notice] 28#28: *2 "^/(\d)(\d)(\d)(-[\w-]+)?/.+\.jpg$" does not match "/phpmyadmin/js/vendor/bootstrap/bootstrap.bundle.min.js", client: 172.18.0.1, server: example.com, request: "GET /phpmyadmin/js/vendor/bootstrap/bootstrap.bundle.min.js?v=5.2.1 HTTP/1.1", host: "localhost"
2024/11/17 19:20:27 [notice] 28#28: *2 "^/(\d)(\d)(\d)(\d)(-[\w-]+)?/.+\.jpg$" does not match "/phpmyadmin/js/vendor/bootstrap/bootstrap.bundle.min.js", client: 172.18.0.1, server: example.com, request: "GET /phpmyadmin/js/vendor/bootstrap/bootstrap.bundle.min.js?v=5.2.1 HTTP/1.1", host: "localhost"
2024/11/17 19:20:27 [notice] 32#32: *6 "^/(\d)(\d)(\d)(\d)(\d)(-[\w-]+)?/.+\.jpg$" does not match "/phpmyadmin/js/vendor/jquery/jquery-ui.min.js", client: 172.18.0.1, server: example.com, request: "GET /phpmyadmin/js/vendor/jquery/jquery-ui.min.js?v=5.2.1 HTTP/1.1", host: "localhost"
2024/11/17 19:20:27 [notice] 31#31: *7 "^/(\d)(-[\w-]+)?/.+\.jpg$" does not match "/phpmyadmin/js/vendor/js.cookie.js", client: 172.18.0.1, server: example.com, request: "GET /phpmyadmin/js/vendor/js.cookie.js?v=5.2.1 HTTP/1.1", host: "localhost"
2024/11/17 19:20:27 [notice] 31#31: *7 "^/(\d)(\d)(-[\w-]+)?/.+\.jpg$" does not match "/phpmyadmin/js/vendor/js.cookie.js", client: 172.18.0.1, server: example.com, request: "GET /phpmyadmin/js/vendor/js.cookie.js?v=5.2.1 HTTP/1.1", host: "localhost"
2024/11/17 19:20:27 [notice] 28#28: *2 "^/(\d)(\d)(\d)(\d)(\d)(-[\w-]+)?/.+\.jpg$" does not match "/phpmyadmin/js/vendor/bootstrap/bootstrap.bundle.min.js", client: 172.18.0.1, server: example.com, request: "GET /phpmyadmin/js/vendor/bootstrap/bootstrap.bundle.min.js?v=5.2.1 HTTP/1.1", host: "localhost"
2024/11/17 19:20:27 [notice] 28#28: *2 "^/(\d)(\d)(\d)(\d)(\d)(\d)(-[\w-]+)?/.+\.jpg$" does not match "/phpmyadmin/js/vendor/bootstrap/bootstrap.bundle.min.js", client: 172.18.0.1, server: example.com, request: "GET /phpmyadmin/js/vendor/bootstrap/bootstrap.bundle.min.js?v=5.2.1 HTTP/1.1", host: "localhost"
2024/11/17 19:20:27 [notice] 32#32: *6 "^/(\d)(\d)(\d)(\d)(\d)(\d)(-[\w-]+)?/.+\.jpg$" does not match "/phpmyadmin/js/vendor/jquery/jquery-ui.min.js", client: 172.18.0.1, server: example.com, request: "GET /phpmyadmin/js/vendor/jquery/jquery-ui.min.js?v=5.2.1 HTTP/1.1", host: "localhost"
2024/11/17 19:20:27 [notice] 32#32: *6 "^/(\d)(\d)(\d)(\d)(\d)(\d)(\d)(-[\w-]+)?/.+\.jpg$" does not match "/phpmyadmin/js/vendor/jquery/jquery-ui.min.js", client: 172.18.0.1, server: example.com, request: "GET /phpmyadmin/js/vendor/jquery/jquery-ui.min.js?v=5.2.1 HTTP/1.1", host: "localhost"
2024/11/17 19:20:27 [notice] 31#31: *7 "^/(\d)(\d)(\d)(-[\w-]+)?/.+\.jpg$" does not match "/phpmyadmin/js/vendor/js.cookie.js", client: 172.18.0.1, server: example.com, request: "GET /phpmyadmin/js/vendor/js.cookie.js?v=5.2.1 HTTP/1.1", host: "localhost"
2024/11/17 19:20:27 [notice] 31#31: *7 "^/(\d)(\d)(\d)(\d)(-[\w-]+)?/.+\.jpg$" does not match "/phpmyadmin/js/vendor/js.cookie.js", client: 172.18.0.1, server: example.com, request: "GET /phpmyadmin/js/vendor/js.cookie.js?v=5.2.1 HTTP/1.1", host: "localhost"
2024/11/17 19:20:27 [notice] 28#28: *2 "^/(\d)(\d)(\d)(\d)(\d)(\d)(\d)(-[\w-]+)?/.+\.jpg$" does not match "/phpmyadmin/js/vendor/bootstrap/bootstrap.bundle.min.js", client: 172.18.0.1, server: example.com, request: "GET /phpmyadmin/js/vendor/bootstrap/bootstrap.bundle.min.js?v=5.2.1 HTTP/1.1", host: "localhost"
2024/11/17 19:20:27 [notice] 28#28: *2 "^/(\d)(\d)(\d)(\d)(\d)(\d)(\d)(\d)(-[\w-]+)?/.+\.jpg$" does not match "/phpmyadmin/js/vendor/bootstrap/bootstrap.bundle.min.js", client: 172.18.0.1, server: example.com, request: "GET /phpmyadmin/js/vendor/bootstrap/bootstrap.bundle.min.js?v=5.2.1 HTTP/1.1", host: "localhost"
2024/11/17 19:20:27 [notice] 32#32: *6 "^/(\d)(\d)(\d)(\d)(\d)(\d)(\d)(\d)(-[\w-]+)?/.+\.jpg$" does not match "/phpmyadmin/js/vendor/jquery/jquery-ui.min.js", client: 172.18.0.1, server: example.com, request: "GET /phpmyadmin/js/vendor/jquery/jquery-ui.min.js?v=5.2.1 HTTP/1.1", host: "localhost"
2024/11/17 19:20:27 [notice] 32#32: *6 "^/c/([\w.-]+)/.+\.jpg$" does not match "/phpmyadmin/js/vendor/jquery/jquery-ui.min.js", client: 172.18.0.1, server: example.com, request: "GET /phpmyadmin/js/vendor/jquery/jquery-ui.min.js?v=5.2.1 HTTP/1.1", host: "localhost"
2024/11/17 19:20:27 [notice] 31#31: *7 "^/(\d)(\d)(\d)(\d)(\d)(-[\w-]+)?/.+\.jpg$" does not match "/phpmyadmin/js/vendor/js.cookie.js", client: 172.18.0.1, server: example.com, request: "GET /phpmyadmin/js/vendor/js.cookie.js?v=5.2.1 HTTP/1.1", host: "localhost"
