2024/11/17 19:21:33 [notice] 30#30: *38 "^images_ie/?([^/]+)\.(gif|jpe?g|png)$" does not match "/index.php", client: 172.18.0.1, server: example.com, request: "GET /module/productcomments/CommentGrade?id_products%5B%5D=1&id_products%5B%5D=2&id_products%5B%5D=3&id_products%5B%5D=4&id_products%5B%5D=5&id_products%5B%5D=6&id_products%5B%5D=7&id_products%5B%5D=8 HTTP/1.1", host: "127.0.0.1", referrer: "https://127.0.0.1/"
2024/11/17 19:21:33 [notice] 30#30: *38 "^/api/?(.*)$" does not match "/index.php", client: 172.18.0.1, server: example.com, request: "GET /module/productcomments/CommentGrade?id_products%5B%5D=1&id_products%5B%5D=2&id_products%5B%5D=3&id_products%5B%5D=4&id_products%5B%5D=5&id_products%5B%5D=6&id_products%5B%5D=7&id_products%5B%5D=8 HTTP/1.1", host: "127.0.0.1", referrer: "https://127.0.0.1/"
2024/11/17 19:21:33 [notice] 30#30: *38 "^(/install(?:-dev)?/sandbox)/.*" does not match "/index.php", client: 172.18.0.1, server: example.com, request: "GET /module/productcomments/CommentGrade?id_products%5B%5D=1&id_products%5B%5D=2&id_products%5B%5D=3&id_products%5B%5D=4&id_products%5B%5D=5&id_products%5B%5D=6&id_products%5B%5D=7&id_products%5B%5D=8 HTTP/1.1", host: "127.0.0.1", referrer: "https://127.0.0.1/"
2024/11/17 19:21:34 [notice] 30#30: *38 "^/(\d)(-[\w-]+)?/.+\.jpg$" does not match "/6-accessories", client: 172.18.0.1, server: example.com, request: "GET /6-accessories HTTP/1.1", host: "127.0.0.1", referrer: "https://127.0.0.1/"
2024/11/17 19:21:34 [notice] 30#30: *38 "^/(\d)(\d)(-[\w-]+)?/.+\.jpg$" does not match "/6-accessories", client: 172.18.0.1, server: example.com, request: "GET /6-accessories HTTP/1.1", host: "127.0.0.1", referrer: "https://127.0.0.1/"
2024/11/17 19:21:34 [notice] 30#30: *38 "^/(\d)(\d)(\d)(-[\w-]+)?/.+\.jpg$" does not match "/6-accessories", client: 172.18.0.1, server: example.com, request: "GET /6-accessories HTTP/1.1", host: "127.0.0.1", referrer: "https://127.0.0.1/"
2024/11/17 19:21:34 [notice] 30#30: *38 "^/(\d)(\d)(\d)(\d)(-[\w-]+)?/.+\.jpg$" does not match "/6-accessories", client: 172.18.0.1, server: example.com, request: "GET /6-accessories HTTP/1.1", host: "127.0.0.1", referrer: "https://127.0.0.1/"
2024/11/17 19:21:34 [notice] 30#30: *38 "^/(\d)(\d)(\d)(\d)(\d)(-[\w-]+)?/.+\.jpg$" does not match "/6-accessories", client: 172.18.0.1, server: example.com, request: "GET /6-accessories HTTP/1.1", host: "127.0.0.1", referrer: "https://127.0.0.1/"
2024/11/17 19:21:34 [notice] 30#30: *38 "^/(\d)(\d)(\d)(\d)(\d)(\d)(-[\w-]+)?/.+\.jpg$" does not match "/6-accessories", client: 172.18.0.1, server: example.com, request: "GET /6-accessories HTTP/1.1", host: "127.0.0.1", referrer: "https://127.0.0.1/"
2024/11/17 19:21:34 [notice] 30#30: *38 "^/(\d)(\d)(\d)(\d)(\d)(\d)(\d)(-[\w-]+)?/.+\.jpg$" does not match "/6-accessories", client: 172.18.0.1, server: example.com, request: "GET /6-accessories HTTP/1.1", host: "127.0.0.1", referrer: "https://127.0.0.1/"
2024/11/17 19:21:34 [notice] 30#30: *38 "^/(\d)(\d)(\d)(\d)(\d)(\d)(\d)(\d)(-[\w-]+)?/.+\.jpg$" does not match "/6-accessories", client: 172.18.0.1, server: example.com, request: "GET /6-accessories HTTP/1.1", host: "127.0.0.1", referrer: "https://127.0.0.1/"
2024/11/17 19:21:34 [notice] 30#30: *38 "^/c/([\w.-]+)/.+\.jpg$" does not match "/6-accessories", client: 172.18.0.1, server: example.com, request: "GET /6-accessories HTTP/1.1", host: "127.0.0.1", referrer: "https://127.0.0.1/"
2024/11/17 19:21:34 [notice] 30#30: *38 "^images_ie/?([^/]+)\.(gif|jpe?g|png)$" does not match "/6-accessories", client: 172.18.0.1, server: example.com, request: "GET /6-accessories HTTP/1.1", host: "127.0.0.1", referrer: "https://127.0.0.1/"
2024/11/17 19:21:34 [notice] 30#30: *38 "^/api/?(.*)$" does not match "/6-accessories", client: 172.18.0.1, server: example.com, request: "GET /6-accessories HTTP/1.1", host: "127.0.0.1", referrer: "https://127.0.0.1/"
2024/11/17 19:21:34 [notice] 30#30: *38 "^(/install(?:-dev)?/sandbox)/.*" does not match "/6-accessories", client: 172.18.0.1, server: example.com, request: "GET /6-accessories HTTP/1.1", host: "127.0.0.1", referrer: "https://127.0.0.1/"
2024/11/17 19:21:34 [notice] 30#30: *38 "^/(\d)(-[\w-]+)?/.+\.jpg$" does not match "/index.php", client: 172.18.0.1, server: example.com, request: "GET /6-accessories HTTP/1.1", host: "127.0.0.1", referrer: "https://127.0.0.1/"
2024/11/17 19:21:34 [notice] 30#30: *38 "^/(\d)(\d)(-[\w-]+)?/.+\.jpg$" does not match "/index.php", client: 172.18.0.1, server: example.com, request: "GET /6-accessories HTTP/1.1", host: "127.0.0.1", referrer: "https://127.0.0.1/"
2024/11/17 19:21:34 [notice] 30#30: *38 "^/(\d)(\d)(\d)(-[\w-]+)?/.+\.jpg$" does not match "/index.php", client: 172.18.0.1, server: example.com, request: "GET /6-accessories HTTP/1.1", host: "127.0.0.1", referrer: "https://127.0.0.1/"
2024/11/17 19:21:34 [notice] 30#30: *38 "^/(\d)(\d)(\d)(\d)(-[\w-]+)?/.+\.jpg$" does not match "/index.php", client: 172.18.0.1, server: example.com, request: "GET /6-accessories HTTP/1.1", host: "127.0.0.1", referrer: "https://127.0.0.1/"
2024/11/17 19:21:34 [notice] 30#30: *38 "^/(\d)(\d)(\d)(\d)(\d)(-[\w-]+)?/.+\.jpg$" does not match "/index.php", client: 172.18.0.1, server: example.com, request: "GET /6-accessories HTTP/1.1", host: "127.0.0.1", referrer: "https://127.0.0.1/"
2024/11/17 19:21:34 [notice] 30#30: *38 "^/(\d)(\d)(\d)(\d)(\d)(\d)(-[\w-]+)?/.+\.jpg$" does not match "/index.php", client: 172.18.0.1, server: example.com, request: "GET /6-accessories HTTP/1.1", host: "127.0.0.1", referrer: "https://127.0.0.1/"
2024/11/17 19:21:34 [notice] 30#30: *38 "^/(\d)(\d)(\d)(\d)(\d)(\d)(\d)(-[\w-]+)?/.+\.jpg$" does not match "/index.php", client: 172.18.0.1, server: example.com, request: "GET /6-accessories HTTP/1.1", host: "127.0.0.1", referrer: "https://127.0.0.1/"
2024/11/17 19:21:34 [notice] 30#30: *38 "^/(\d)(\d)(\d)(\d)(\d)(\d)(\d)(\d)(-[\w-]+)?/.+\.jpg$" does not match "/index.php", client: 172.18.0.1, server: example.com, request: "GET /6-accessories HTTP/1.1", host: "127.0.0.1", referrer: "https://127.0.0.1/"
2024/11/17 19:21:34 [notice] 30#30: *38 "^/c/([\w.-]+)/.+\.jpg$" does not match "/index.php", client: 172.18.0.1, server: example.com, request: "GET /6-accessories HTTP/1.1", host: "127.0.0.1", referrer: "https://127.0.0.1/"
2024/11/17 19:21:34 [notice] 30#30: *38 "^images_ie/?([^/]+)\.(gif|jpe?g|png)$" does not match "/index.php", client: 172.18.0.1, server: example.com, request: "GET /6-accessories HTTP/1.1", host: "127.0.0.1", referrer: "https://127.0.0.1/"
2024/11/17 19:21:34 [notice] 30#30: *38 "^/api/?(.*)$" does not match "/index.php", client: 172.18.0.1, server: example.com, request: "GET /6-accessories HTTP/1.1", host: "127.0.0.1", referrer: "https://127.0.0.1/"
2024/11/17 19:21:34 [notice] 30#30: *38 "^(/install(?:-dev)?/sandbox)/.*" does not match "/index.php", client: 172.18.0.1, server: example.com, request: "GET /6-accessories HTTP/1.1", host: "127.0.0.1", referrer: "https://127.0.0.1/"
2024/11/17 19:21:34 [notice] 34#34: *46 "^/(\d)(-[\w-]+)?/.+\.jpg$" does not match "/modules/ps_facetedsearch/views/dist/front.js", client: 172.18.0.1, server: example.com, request: "GET /modules/ps_facetedsearch/views/dist/front.js HTTP/1.1", host: "127.0.0.1", referrer: "https://127.0.0.1/6-accessories"
2024/11/17 19:21:34 [notice] 34#34: *46 "^/(\d)(\d)(-[\w-]+)?/.+\.jpg$" does not match "/modules/ps_facetedsearch/views/dist/front.js", client: 172.18.0.1, server: example.com, request: "GET /modules/ps_facetedsearch/views/dist/front.js HTTP/1.1", host: "127.0.0.1", referrer: "https://127.0.0.1/6-accessories"
2024/11/17 19:21:34 [notice] 30#30: *38 "^/(\d)(-[\w-]+)?/.+\.jpg$" does not match "/modules/ps_facetedsearch/views/dist/front.css", client: 172.18.0.1, server: example.com, request: "GET /modules/ps_facetedsearch/views/dist/front.css HTTP/1.1", host: "127.0.0.1", referrer: "https://127.0.0.1/6-accessories"
2024/11/17 19:21:34 [notice] 30#30: *38 "^/(\d)(\d)(-[\w-]+)?/.+\.jpg$" does not match "/modules/ps_facetedsearch/views/dist/front.css", client: 172.18.0.1, server: example.com, request: "GET /modules/ps_facetedsearch/views/dist/front.css HTTP/1.1", host: "127.0.0.1", referrer: "https://127.0.0.1/6-accessories"
2024/11/17 19:21:34 [notice] 34#34: *46 "^/(\d)(\d)(\d)(-[\w-]+)?/.+\.jpg$" does not match "/modules/ps_facetedsearch/views/dist/front.js", client: 172.18.0.1, server: example.com, request: "GET /modules/ps_facetedsearch/views/dist/front.js HTTP/1.1", host: "127.0.0.1", referrer: "https://127.0.0.1/6-accessories"
2024/11/17 19:21:34 [notice] 34#34: *46 "^/(\d)(\d)(\d)(\d)(-[\w-]+)?/.+\.jpg$" does not match "/modules/ps_facetedsearch/views/dist/front.js", client: 172.18.0.1, server: example.com, request: "GET /modules/ps_facetedsearch/views/dist/front.js HTTP/1.1", host: "127.0.0.1", referrer: "https://127.0.0.1/6-accessories"
2024/11/17 19:21:34 [notice] 30#30: *38 "^/(\d)(\d)(\d)(-[\w-]+)?/.+\.jpg$" does not match "/modules/ps_facetedsearch/views/dist/front.css", client: 172.18.0.1, server: example.com, request: "GET /modules/ps_facetedsearch/views/dist/front.css HTTP/1.1", host: "127.0.0.1", referrer: "https://127.0.0.1/6-accessories"
2024/11/17 19:21:34 [notice] 30#30: *38 "^/(\d)(\d)(\d)(\d)(-[\w-]+)?/.+\.jpg$" does not match "/modules/ps_facetedsearch/views/dist/front.css", client: 172.18.0.1, server: example.com, request: "GET /modules/ps_facetedsearch/views/dist/front.css HTTP/1.1", host: "127.0.0.1", referrer: "https://127.0.0.1/6-accessories"
2024/11/17 19:21:34 [notice] 34#34: *46 "^/(\d)(\d)(\d)(\d)(\d)(-[\w-]+)?/.+\.jpg$" does not match "/modules/ps_facetedsearch/views/dist/front.js", client: 172.18.0.1, server: example.com, request: "GET /modules/ps_facetedsearch/views/dist/front.js HTTP/1.1", host: "127.0.0.1", referrer: "https://127.0.0.1/6-accessories"
2024/11/17 19:21:34 [notice] 34#34: *46 "^/(\d)(\d)(\d)(\d)(\d)(\d)(-[\w-]+)?/.+\.jpg$" does not match "/modules/ps_facetedsearch/views/dist/front.js", client: 172.18.0.1, server: example.com, request: "GET /modules/ps_facetedsearch/views/dist/front.js HTTP/1.1", host: "127.0.0.1", referrer: "https://127.0.0.1/6-accessories"
2024/11/17 19:21:34 [notice] 30#30: *38 "^/(\d)(\d)(\d)(\d)(\d)(-[\w-]+)?/.+\.jpg$" does not match "/modules/ps_facetedsearch/views/dist/front.css", client: 172.18.0.1, server: example.com, request: "GET /modules/ps_facetedsearch/views/dist/front.css HTTP/1.1", host: "127.0.0.1", referrer: "https://127.0.0.1/6-accessories"
2024/11/17 19:21:34 [notice] 30#30: *38 "^/(\d)(\d)(\d)(\d)(\d)(\d)(-[\w-]+)?/.+\.jpg$" does not match "/modules/ps_facetedsearch/views/dist/front.css", client: 172.18.0.1, server: example.com, request: "GET /modules/ps_facetedsearch/views/dist/front.css HTTP/1.1", host: "127.0.0.1", referrer: "https://127.0.0.1/6-accessories"
2024/11/17 19:21:34 [notice] 34#34: *46 "^/(\d)(\d)(\d)(\d)(\d)(\d)(\d)(-[\w-]+)?/.+\.jpg$" does not match "/modules/ps_facetedsearch/views/dist/front.js", client: 172.18.0.1, server: example.com, request: "GET /modules/ps_facetedsearch/views/dist/front.js HTTP/1.1", host: "127.0.0.1", referrer: "https://127.0.0.1/6-accessories"
2024/11/17 19:21:34 [notice] 34#34: *46 "^/(\d)(\d)(\d)(\d)(\d)(\d)(\d)(\d)(-[\w-]+)?/.+\.jpg$" does not match "/modules/ps_facetedsearch/views/dist/front.js", client: 172.18.0.1, server: example.com, request: "GET /modules/ps_facetedsearch/views/dist/front.js HTTP/1.1", host: "127.0.0.1", referrer: "https://127.0.0.1/6-accessories"
2024/11/17 19:21:34 [notice] 30#30: *38 "^/(\d)(\d)(\d)(\d)(\d)(\d)(\d)(-[\w-]+)?/.+\.jpg$" does not match "/modules/ps_facetedsearch/views/dist/front.css", client: 172.18.0.1, server: example.com, request: "GET /modules/ps_facetedsearch/views/dist/front.css HTTP/1.1", host: "127.0.0.1", referrer: "https://127.0.0.1/6-accessories"
2024/11/17 19:21:34 [notice] 30#30: *38 "^/(\d)(\d)(\d)(\d)(\d)(\d)(\d)(\d)(-[\w-]+)?/.+\.jpg$" does not match "/modules/ps_facetedsearch/views/dist/front.css", client: 172.18.0.1, server: example.com, request: "GET /modules/ps_facetedsearch/views/dist/front.css HTTP/1.1", host: "127.0.0.1", referrer: "https://127.0.0.1/6-accessories"
2024/11/17 19:21:34 [notice] 34#34: *46 "^/c/([\w.-]+)/.+\.jpg$" does not match "/modules/ps_facetedsearch/views/dist/front.js", client: 172.18.0.1, server: example.com, request: "GET /modules/ps_facetedsearch/views/dist/front.js HTTP/1.1", host: "127.0.0.1", referrer: "https://127.0.0.1/6-accessories"
2024/11/17 19:21:34 [notice] 34#34: *46 "^images_ie/?([^/]+)\.(gif|jpe?g|png)$" does not match "/modules/ps_facetedsearch/views/dist/front.js", client: 172.18.0.1, server: example.com, request: "GET /modules/ps_facetedsearch/views/dist/front.js HTTP/1.1", host: "127.0.0.1", referrer: "https://127.0.0.1/6-accessories"
2024/11/17 19:21:34 [notice] 30#30: *38 "^/c/([\w.-]+)/.+\.jpg$" does not match "/modules/ps_facetedsearch/views/dist/front.css", client: 172.18.0.1, server: example.com, request: "GET /modules/ps_facetedsearch/views/dist/front.css HTTP/1.1", host: "127.0.0.1", referrer: "https://127.0.0.1/6-accessories"
2024/11/17 19:21:34 [notice] 30#30: *38 "^images_ie/?([^/]+)\.(gif|jpe?g|png)$" does not match "/modules/ps_facetedsearch/views/dist/front.css", client: 172.18.0.1, server: example.com, request: "GET /modules/ps_facetedsearch/views/dist/front.css HTTP/1.1", host: "127.0.0.1", referrer: "https://127.0.0.1/6-accessories"
2024/11/17 19:21:34 [notice] 34#34: *46 "^/api/?(.*)$" does not match "/modules/ps_facetedsearch/views/dist/front.js", client: 172.18.0.1, server: example.com, request: "GET /modules/ps_facetedsearch/views/dist/front.js HTTP/1.1", host: "127.0.0.1", referrer: "https://127.0.0.1/6-accessories"
2024/11/17 19:21:34 [notice] 34#34: *46 "^(/install(?:-dev)?/sandbox)/.*" does not match "/modules/ps_facetedsearch/views/dist/front.js", client: 172.18.0.1, server: example.com, request: "GET /modules/ps_facetedsearch/views/dist/front.js HTTP/1.1", host: "127.0.0.1", referrer: "https://127.0.0.1/6-accessories"
2024/11/17 19:21:34 [notice] 30#30: *38 "^/api/?(.*)$" does not match "/modules/ps_facetedsearch/views/dist/front.css", client: 172.18.0.1, server: example.com, request: "GET /modules/ps_facetedsearch/views/dist/front.css HTTP/1.1", host: "127.0.0.1", referrer: "https://127.0.0.1/6-accessories"
2024/11/17 19:21:34 [notice] 30#30: *38 "^(/install(?:-dev)?/sandbox)/.*" does not match "/modules/ps_facetedsearch/views/dist/front.css", client: 172.18.0.1, server: example.com, request: "GET /modules/ps_facetedsearch/views/dist/front.css HTTP/1.1", host: "127.0.0.1", referrer: "https://127.0.0.1/6-accessories"
2024/11/17 19:21:34 [notice] 34#34: *46 "^/(\d)(-[\w-]+)?/.+\.jpg$" does not match "/c/7-category_default/stationery.jpg", client: 172.18.0.1, server: example.com, request: "GET /c/7-category_default/stationery.jpg HTTP/1.1", host: "127.0.0.1", referrer: "https://127.0.0.1/6-accessories"
2024/11/17 19:21:34 [notice] 34#34: *46 "^/(\d)(\d)(-[\w-]+)?/.+\.jpg$" does not match "/c/7-category_default/stationery.jpg", client: 172.18.0.1, server: example.com, request: "GET /c/7-category_default/stationery.jpg HTTP/1.1", host: "127.0.0.1", referrer: "https://127.0.0.1/6-accessories"
2024/11/17 19:21:34 [notice] 35#35: *48 "^/(\d)(-[\w-]+)?/.+\.jpg$" does not match "/c/8-category_default/home-accessories.jpg", client: 172.18.0.1, server: example.com, request: "GET /c/8-category_default/home-accessories.jpg HTTP/1.1", host: "127.0.0.1", referrer: "https://127.0.0.1/6-accessories"
2024/11/17 19:21:34 [notice] 35#35: *48 "^/(\d)(\d)(-[\w-]+)?/.+\.jpg$" does not match "/c/8-category_default/home-accessories.jpg", client: 172.18.0.1, server: example.com, request: "GET /c/8-category_default/home-accessories.jpg HTTP/1.1", host: "127.0.0.1", referrer: "https://127.0.0.1/6-accessories"
2024/11/17 19:21:34 [notice] 30#30: *38 "^/(\d)(-[\w-]+)?/.+\.jpg$" does not match "/c/6-category_default/accessories.jpg", client: 172.18.0.1, server: example.com, request: "GET /c/6-category_default/accessories.jpg HTTP/1.1", host: "127.0.0.1", referrer: "https://127.0.0.1/6-accessories"
2024/11/17 19:21:34 [notice] 30#30: *38 "^/(\d)(\d)(-[\w-]+)?/.+\.jpg$" does not match "/c/6-category_default/accessories.jpg", client: 172.18.0.1, server: example.com, request: "GET /c/6-category_default/accessories.jpg HTTP/1.1", host: "127.0.0.1", referrer: "https://127.0.0.1/6-accessories"
2024/11/17 19:21:34 [notice] 33#33: *47 "^/(\d)(-[\w-]+)?/.+\.jpg$" does not match "/11-home_default/brown-bear-cushion.jpg", client: 172.18.0.1, server: example.com, request: "GET /11-home_default/brown-bear-cushion.jpg HTTP/1.1", host: "127.0.0.1", referrer: "https://127.0.0.1/6-accessories"
2024/11/17 19:21:34 [notice] 33#33: *47 "^/(\d)(\d)(-[\w-]+)?/.+\.jpg$" matches "/11-home_default/brown-bear-cushion.jpg", client: 172.18.0.1, server: example.com, request: "GET /11-home_default/brown-bear-cushion.jpg HTTP/1.1", host: "127.0.0.1", referrer: "https://127.0.0.1/6-accessories"
2024/11/17 19:21:34 [notice] 29#29: *49 "^/(\d)(-[\w-]+)?/.+\.jpg$" matches "/9-home_default/mountain-fox-cushion.jpg", client: 172.18.0.1, server: example.com, request: "GET /9-home_default/mountain-fox-cushion.jpg HTTP/1.1", host: "127.0.0.1", referrer: "https://127.0.0.1/6-accessories"
2024/11/17 19:21:34 [notice] 29#29: *49 rewritten data: "/img/p/9/9-home_default.jpg", args: "", client: 172.18.0.1, server: example.com, request: "GET /9-home_default/mountain-fox-cushion.jpg HTTP/1.1", host: "127.0.0.1", referrer: "https://127.0.0.1/6-accessories"
2024/11/17 19:21:34 [notice] 34#34: *46 "^/(\d)(\d)(\d)(-[\w-]+)?/.+\.jpg$" does not match "/c/7-category_default/stationery.jpg", client: 172.18.0.1, server: example.com, request: "GET /c/7-category_default/stationery.jpg HTTP/1.1", host: "127.0.0.1", referrer: "https://127.0.0.1/6-accessories"
2024/11/17 19:21:34 [notice] 34#34: *46 "^/(\d)(\d)(\d)(\d)(-[\w-]+)?/.+\.jpg$" does not match "/c/7-category_default/stationery.jpg", client: 172.18.0.1, server: example.com, request: "GET /c/7-category_default/stationery.jpg HTTP/1.1", host: "127.0.0.1", referrer: "https://127.0.0.1/6-accessories"
2024/11/17 19:21:34 [notice] 28#28: *50 "^/(\d)(-[\w-]+)?/.+\.jpg$" does not match "/13-home_default/hummingbird-cushion.jpg", client: 172.18.0.1, server: example.com, request: "GET /13-home_default/hummingbird-cushion.jpg HTTP/1.1", host: "127.0.0.1", referrer: "https://127.0.0.1/6-accessories"
2024/11/17 19:21:34 [notice] 28#28: *50 "^/(\d)(\d)(-[\w-]+)?/.+\.jpg$" matches "/13-home_default/hummingbird-cushion.jpg", client: 172.18.0.1, server: example.com, request: "GET /13-home_default/hummingbird-cushion.jpg HTTP/1.1", host: "127.0.0.1", referrer: "https://127.0.0.1/6-accessories"
2024/11/17 19:21:34 [notice] 35#35: *48 "^/(\d)(\d)(\d)(-[\w-]+)?/.+\.jpg$" does not match "/c/8-category_default/home-accessories.jpg", client: 172.18.0.1, server: example.com, request: "GET /c/8-category_default/home-accessories.jpg HTTP/1.1", host: "127.0.0.1", referrer: "https://127.0.0.1/6-accessories"
2024/11/17 19:21:34 [notice] 35#35: *48 "^/(\d)(\d)(\d)(\d)(-[\w-]+)?/.+\.jpg$" does not match "/c/8-category_default/home-accessories.jpg", client: 172.18.0.1, server: example.com, request: "GET /c/8-category_default/home-accessories.jpg HTTP/1.1", host: "127.0.0.1", referrer: "https://127.0.0.1/6-accessories"
2024/11/17 19:21:34 [notice] 30#30: *38 "^/(\d)(\d)(\d)(-[\w-]+)?/.+\.jpg$" does not match "/c/6-category_default/accessories.jpg", client: 172.18.0.1, server: example.com, request: "GET /c/6-category_default/accessories.jpg HTTP/1.1", host: "127.0.0.1", referrer: "https://127.0.0.1/6-accessories"
2024/11/17 19:21:34 [notice] 30#30: *38 "^/(\d)(\d)(\d)(\d)(-[\w-]+)?/.+\.jpg$" does not match "/c/6-category_default/accessories.jpg", client: 172.18.0.1, server: example.com, request: "GET /c/6-category_default/accessories.jpg HTTP/1.1", host: "127.0.0.1", referrer: "https://127.0.0.1/6-accessories"
2024/11/17 19:21:34 [notice] 33#33: *47 rewritten data: "/img/p/1/1/11-home_default.jpg", args: "", client: 172.18.0.1, server: example.com, request: "GET /11-home_default/brown-bear-cushion.jpg HTTP/1.1", host: "127.0.0.1", referrer: "https://127.0.0.1/6-accessories"
2024/11/17 19:21:34 [notice] 34#34: *46 "^/(\d)(\d)(\d)(\d)(\d)(-[\w-]+)?/.+\.jpg$" does not match "/c/7-category_default/stationery.jpg", client: 172.18.0.1, server: example.com, request: "GET /c/7-category_default/stationery.jpg HTTP/1.1", host: "127.0.0.1", referrer: "https://127.0.0.1/6-accessories"
2024/11/17 19:21:34 [notice] 29#29: *49 "^/(\d)(-[\w-]+)?/.+\.jpg$" does not match "/23-home_default/pack-mug-framed-poster.jpg", client: 172.18.0.1, server: example.com, request: "GET /23-home_default/pack-mug-framed-poster.jpg HTTP/1.1", host: "127.0.0.1", referrer: "https://127.0.0.1/6-accessories"
2024/11/17 19:21:34 [notice] 28#28: *50 rewritten data: "/img/p/1/3/13-home_default.jpg", args: "", client: 172.18.0.1, server: example.com, request: "GET /13-home_default/hummingbird-cushion.jpg HTTP/1.1", host: "127.0.0.1", referrer: "https://127.0.0.1/6-accessories"
2024/11/17 19:21:34 [notice] 35#35: *48 "^/(\d)(\d)(\d)(\d)(\d)(-[\w-]+)?/.+\.jpg$" does not match "/c/8-category_default/home-accessories.jpg", client: 172.18.0.1, server: example.com, request: "GET /c/8-category_default/home-accessories.jpg HTTP/1.1", host: "127.0.0.1", referrer: "https://127.0.0.1/6-accessories"
2024/11/17 19:21:34 [notice] 35#35: *48 "^/(\d)(\d)(\d)(\d)(\d)(\d)(-[\w-]+)?/.+\.jpg$" does not match "/c/8-category_default/home-accessories.jpg", client: 172.18.0.1, server: example.com, request: "GET /c/8-category_default/home-accessories.jpg HTTP/1.1", host: "127.0.0.1", referrer: "https://127.0.0.1/6-accessories"
2024/11/17 19:21:34 [notice] 30#30: *38 "^/(\d)(\d)(\d)(\d)(\d)(-[\w-]+)?/.+\.jpg$" does not match "/c/6-category_default/accessories.jpg", client: 172.18.0.1, server: example.com, request: "GET /c/6-category_default/accessories.jpg HTTP/1.1", host: "127.0.0.1", referrer: "https://127.0.0.1/6-accessories"
2024/11/17 19:21:34 [notice] 30#30: *38 "^/(\d)(\d)(\d)(\d)(\d)(\d)(-[\w-]+)?/.+\.jpg$" does not match "/c/6-category_default/accessories.jpg", client: 172.18.0.1, server: example.com, request: "GET /c/6-category_default/accessories.jpg HTTP/1.1", host: "127.0.0.1", referrer: "https://127.0.0.1/6-accessories"
2024/11/17 19:21:34 [notice] 34#34: *46 "^/(\d)(\d)(\d)(\d)(\d)(\d)(-[\w-]+)?/.+\.jpg$" does not match "/c/7-category_default/stationery.jpg", client: 172.18.0.1, server: example.com, request: "GET /c/7-category_default/stationery.jpg HTTP/1.1", host: "127.0.0.1", referrer: "https://127.0.0.1/6-accessories"
2024/11/17 19:21:34 [notice] 34#34: *46 "^/(\d)(\d)(\d)(\d)(\d)(\d)(\d)(-[\w-]+)?/.+\.jpg$" does not match "/c/7-category_default/stationery.jpg", client: 172.18.0.1, server: example.com, request: "GET /c/7-category_default/stationery.jpg HTTP/1.1", host: "127.0.0.1", referrer: "https://127.0.0.1/6-accessories"
2024/11/17 19:21:34 [notice] 29#29: *49 "^/(\d)(\d)(-[\w-]+)?/.+\.jpg$" matches "/23-home_default/pack-mug-framed-poster.jpg", client: 172.18.0.1, server: example.com, request: "GET /23-home_default/pack-mug-framed-poster.jpg HTTP/1.1", host: "127.0.0.1", referrer: "https://127.0.0.1/6-accessories"
2024/11/17 19:21:34 [notice] 29#29: *49 rewritten data: "/img/p/2/3/23-home_default.jpg", args: "", client: 172.18.0.1, server: example.com, request: "GET /23-home_default/pack-mug-framed-poster.jpg HTTP/1.1", host: "127.0.0.1", referrer: "https://127.0.0.1/6-accessories"
2024/11/17 19:21:34 [notice] 35#35: *48 "^/(\d)(\d)(\d)(\d)(\d)(\d)(\d)(-[\w-]+)?/.+\.jpg$" does not match "/c/8-category_default/home-accessories.jpg", client: 172.18.0.1, server: example.com, request: "GET /c/8-category_default/home-accessories.jpg HTTP/1.1", host: "127.0.0.1", referrer: "https://127.0.0.1/6-accessories"
2024/11/17 19:21:34 [notice] 35#35: *48 "^/(\d)(\d)(\d)(\d)(\d)(\d)(\d)(\d)(-[\w-]+)?/.+\.jpg$" does not match "/c/8-category_default/home-accessories.jpg", client: 172.18.0.1, server: example.com, request: "GET /c/8-category_default/home-accessories.jpg HTTP/1.1", host: "127.0.0.1", referrer: "https://127.0.0.1/6-accessories"
2024/11/17 19:21:34 [notice] 30#30: *38 "^/(\d)(\d)(\d)(\d)(\d)(\d)(\d)(-[\w-]+)?/.+\.jpg$" does not match "/c/6-category_default/accessories.jpg", client: 172.18.0.1, server: example.com, request: "GET /c/6-category_default/accessories.jpg HTTP/1.1", host: "127.0.0.1", referrer: "https://127.0.0.1/6-accessories"
2024/11/17 19:21:34 [notice] 30#30: *38 "^/(\d)(\d)(\d)(\d)(\d)(\d)(\d)(\d)(-[\w-]+)?/.+\.jpg$" does not match "/c/6-category_default/accessories.jpg", client: 172.18.0.1, server: example.com, request: "GET /c/6-category_default/accessories.jpg HTTP/1.1", host: "127.0.0.1", referrer: "https://127.0.0.1/6-accessories"
2024/11/17 19:21:34 [notice] 33#33: *47 "^/(\d)(-[\w-]+)?/.+\.jpg$" does not match "/18-home_default/mountain-fox-notebook.jpg", client: 172.18.0.1, server: example.com, request: "GET /18-home_default/mountain-fox-notebook.jpg HTTP/1.1", host: "127.0.0.1", referrer: "https://127.0.0.1/6-accessories"
2024/11/17 19:21:34 [notice] 33#33: *47 "^/(\d)(\d)(-[\w-]+)?/.+\.jpg$" matches "/18-home_default/mountain-fox-notebook.jpg", client: 172.18.0.1, server: example.com, request: "GET /18-home_default/mountain-fox-notebook.jpg HTTP/1.1", host: "127.0.0.1", referrer: "https://127.0.0.1/6-accessories"
2024/11/17 19:21:34 [notice] 34#34: *46 "^/(\d)(\d)(\d)(\d)(\d)(\d)(\d)(\d)(-[\w-]+)?/.+\.jpg$" does not match "/c/7-category_default/stationery.jpg", client: 172.18.0.1, server: example.com, request: "GET /c/7-category_default/stationery.jpg HTTP/1.1", host: "127.0.0.1", referrer: "https://127.0.0.1/6-accessories"
2024/11/17 19:21:34 [notice] 34#34: *46 "^/c/([\w.-]+)/.+\.jpg$" matches "/c/7-category_default/stationery.jpg", client: 172.18.0.1, server: example.com, request: "GET /c/7-category_default/stationery.jpg HTTP/1.1", host: "127.0.0.1", referrer: "https://127.0.0.1/6-accessories"
2024/11/17 19:21:34 [notice] 35#35: *48 "^/c/([\w.-]+)/.+\.jpg$" matches "/c/8-category_default/home-accessories.jpg", client: 172.18.0.1, server: example.com, request: "GET /c/8-category_default/home-accessories.jpg HTTP/1.1", host: "127.0.0.1", referrer: "https://127.0.0.1/6-accessories"
2024/11/17 19:21:34 [notice] 35#35: *48 rewritten data: "/img/c/8-category_default.jpg", args: "", client: 172.18.0.1, server: example.com, request: "GET /c/8-category_default/home-accessories.jpg HTTP/1.1", host: "127.0.0.1", referrer: "https://127.0.0.1/6-accessories"
2024/11/17 19:21:34 [notice] 28#28: *50 "^/(\d)(-[\w-]+)?/.+\.jpg$" does not match "/19-home_default/brown-bear-notebook.jpg", client: 172.18.0.1, server: example.com, request: "GET /19-home_default/brown-bear-notebook.jpg HTTP/1.1", host: "127.0.0.1", referrer: "https://127.0.0.1/6-accessories"
2024/11/17 19:21:34 [notice] 28#28: *50 "^/(\d)(\d)(-[\w-]+)?/.+\.jpg$" matches "/19-home_default/brown-bear-notebook.jpg", client: 172.18.0.1, server: example.com, request: "GET /19-home_default/brown-bear-notebook.jpg HTTP/1.1", host: "127.0.0.1", referrer: "https://127.0.0.1/6-accessories"
2024/11/17 19:21:34 [notice] 30#30: *38 "^/c/([\w.-]+)/.+\.jpg$" matches "/c/6-category_default/accessories.jpg", client: 172.18.0.1, server: example.com, request: "GET /c/6-category_default/accessories.jpg HTTP/1.1", host: "127.0.0.1", referrer: "https://127.0.0.1/6-accessories"
2024/11/17 19:21:34 [notice] 30#30: *38 rewritten data: "/img/c/6-category_default.jpg", args: "", client: 172.18.0.1, server: example.com, request: "GET /c/6-category_default/accessories.jpg HTTP/1.1", host: "127.0.0.1", referrer: "https://127.0.0.1/6-accessories"
2024/11/17 19:21:34 [notice] 33#33: *47 rewritten data: "/img/p/1/8/18-home_default.jpg", args: "", client: 172.18.0.1, server: example.com, request: "GET /18-home_default/mountain-fox-notebook.jpg HTTP/1.1", host: "127.0.0.1", referrer: "https://127.0.0.1/6-accessories"
2024/11/17 19:21:34 [notice] 34#34: *46 rewritten data: "/img/c/7-category_default.jpg", args: "", client: 172.18.0.1, server: example.com, request: "GET /c/7-category_default/stationery.jpg HTTP/1.1", host: "127.0.0.1", referrer: "https://127.0.0.1/6-accessories"
2024/11/17 19:21:34 [notice] 29#29: *49 "^/(\d)(-[\w-]+)?/.+\.jpg$" does not match "/20-home_default/hummingbird-notebook.jpg", client: 172.18.0.1, server: example.com, request: "GET /20-home_default/hummingbird-notebook.jpg HTTP/1.1", host: "127.0.0.1", referrer: "https://127.0.0.1/6-accessories"
2024/11/17 19:21:34 [notice] 29#29: *49 "^/(\d)(\d)(-[\w-]+)?/.+\.jpg$" matches "/20-home_default/hummingbird-notebook.jpg", client: 172.18.0.1, server: example.com, request: "GET /20-home_default/hummingbird-notebook.jpg HTTP/1.1", host: "127.0.0.1", referrer: "https://127.0.0.1/6-accessories"
2024/11/17 19:21:34 [notice] 28#28: *50 rewritten data: "/img/p/1/9/19-home_default.jpg", args: "", client: 172.18.0.1, server: example.com, request: "GET /19-home_default/brown-bear-notebook.jpg HTTP/1.1", host: "127.0.0.1", referrer: "https://127.0.0.1/6-accessories"
2024/11/17 19:21:34 [notice] 29#29: *49 rewritten data: "/img/p/2/0/20-home_default.jpg", args: "", client: 172.18.0.1, server: example.com, request: "GET /20-home_default/hummingbird-notebook.jpg HTTP/1.1", host: "127.0.0.1", referrer: "https://127.0.0.1/6-accessories"
2024/11/17 19:21:34 [notice] 35#35: *48 "^/(\d)(-[\w-]+)?/.+\.jpg$" does not match "/22-home_default/customizable-mug.jpg", client: 172.18.0.1, server: example.com, request: "GET /22-home_default/customizable-mug.jpg HTTP/1.1", host: "127.0.0.1", referrer: "https://127.0.0.1/6-accessories"
2024/11/17 19:21:34 [notice] 35#35: *48 "^/(\d)(\d)(-[\w-]+)?/.+\.jpg$" matches "/22-home_default/customizable-mug.jpg", client: 172.18.0.1, server: example.com, request: "GET /22-home_default/customizable-mug.jpg HTTP/1.1", host: "127.0.0.1", referrer: "https://127.0.0.1/6-accessories"
2024/11/17 19:21:34 [notice] 35#35: *48 rewritten data: "/img/p/2/2/22-home_default.jpg", args: "", client: 172.18.0.1, server: example.com, request: "GET /22-home_default/customizable-mug.jpg HTTP/1.1", host: "127.0.0.1", referrer: "https://127.0.0.1/6-accessories"
2024/11/17 19:21:34 [notice] 35#35: *48 "^/(\d)(-[\w-]+)?/.+\.jpg$" does not match "/module/blockwishlist/action", client: 172.18.0.1, server: example.com, request: "GET /module/blockwishlist/action?action=getAllWishlist HTTP/1.1", host: "127.0.0.1", referrer: "https://127.0.0.1/6-accessories"
2024/11/17 19:21:34 [notice] 35#35: *48 "^/(\d)(\d)(-[\w-]+)?/.+\.jpg$" does not match "/module/blockwishlist/action", client: 172.18.0.1, server: example.com, request: "GET /module/blockwishlist/action?action=getAllWishlist HTTP/1.1", host: "127.0.0.1", referrer: "https://127.0.0.1/6-accessories"
2024/11/17 19:21:34 [notice] 35#35: *48 "^/(\d)(\d)(\d)(-[\w-]+)?/.+\.jpg$" does not match "/module/blockwishlist/action", client: 172.18.0.1, server: example.com, request: "GET /module/blockwishlist/action?action=getAllWishlist HTTP/1.1", host: "127.0.0.1", referrer: "https://127.0.0.1/6-accessories"
2024/11/17 19:21:34 [notice] 35#35: *48 "^/(\d)(\d)(\d)(\d)(-[\w-]+)?/.+\.jpg$" does not match "/module/blockwishlist/action", client: 172.18.0.1, server: example.com, request: "GET /module/blockwishlist/action?action=getAllWishlist HTTP/1.1", host: "127.0.0.1", referrer: "https://127.0.0.1/6-accessories"
2024/11/17 19:21:34 [notice] 35#35: *48 "^/(\d)(\d)(\d)(\d)(\d)(-[\w-]+)?/.+\.jpg$" does not match "/module/blockwishlist/action", client: 172.18.0.1, server: example.com, request: "GET /module/blockwishlist/action?action=getAllWishlist HTTP/1.1", host: "127.0.0.1", referrer: "https://127.0.0.1/6-accessories"
2024/11/17 19:21:34 [notice] 35#35: *48 "^/(\d)(\d)(\d)(\d)(\d)(\d)(-[\w-]+)?/.+\.jpg$" does not match "/module/blockwishlist/action", client: 172.18.0.1, server: example.com, request: "GET /module/blockwishlist/action?action=getAllWishlist HTTP/1.1", host: "127.0.0.1", referrer: "https://127.0.0.1/6-accessories"
2024/11/17 19:21:34 [notice] 35#35: *48 "^/(\d)(\d)(\d)(\d)(\d)(\d)(\d)(-[\w-]+)?/.+\.jpg$" does not match "/module/blockwishlist/action", client: 172.18.0.1, server: example.com, request: "GET /module/blockwishlist/action?action=getAllWishlist HTTP/1.1", host: "127.0.0.1", referrer: "https://127.0.0.1/6-accessories"
2024/11/17 19:21:34 [notice] 35#35: *48 "^/(\d)(\d)(\d)(\d)(\d)(\d)(\d)(\d)(-[\w-]+)?/.+\.jpg$" does not match "/module/blockwishlist/action", client: 172.18.0.1, server: example.com, request: "GET /module/blockwishlist/action?action=getAllWishlist HTTP/1.1", host: "127.0.0.1", referrer: "https://127.0.0.1/6-accessories"
2024/11/17 19:21:34 [notice] 35#35: *48 "^/c/([\w.-]+)/.+\.jpg$" does not match "/module/blockwishlist/action", client: 172.18.0.1, server: example.com, request: "GET /module/blockwishlist/action?action=getAllWishlist HTTP/1.1", host: "127.0.0.1", referrer: "https://127.0.0.1/6-accessories"
2024/11/17 19:21:34 [notice] 35#35: *48 "^images_ie/?([^/]+)\.(gif|jpe?g|png)$" does not match "/module/blockwishlist/action", client: 172.18.0.1, server: example.com, request: "GET /module/blockwishlist/action?action=getAllWishlist HTTP/1.1", host: "127.0.0.1", referrer: "https://127.0.0.1/6-accessories"
2024/11/17 19:21:34 [notice] 35#35: *48 "^/api/?(.*)$" does not match "/module/blockwishlist/action", client: 172.18.0.1, server: example.com, request: "GET /module/blockwishlist/action?action=getAllWishlist HTTP/1.1", host: "127.0.0.1", referrer: "https://127.0.0.1/6-accessories"
2024/11/17 19:21:34 [notice] 35#35: *48 "^(/install(?:-dev)?/sandbox)/.*" does not match "/module/blockwishlist/action", client: 172.18.0.1, server: example.com, request: "GET /module/blockwishlist/action?action=getAllWishlist HTTP/1.1", host: "127.0.0.1", referrer: "https://127.0.0.1/6-accessories"
2024/11/17 19:21:34 [notice] 35#35: *48 "^/(\d)(-[\w-]+)?/.+\.jpg$" does not match "/index.php", client: 172.18.0.1, server: example.com, request: "GET /module/blockwishlist/action?action=getAllWishlist HTTP/1.1", host: "127.0.0.1", referrer: "https://127.0.0.1/6-accessories"
2024/11/17 19:21:34 [notice] 35#35: *48 "^/(\d)(\d)(-[\w-]+)?/.+\.jpg$" does not match "/index.php", client: 172.18.0.1, server: example.com, request: "GET /module/blockwishlist/action?action=getAllWishlist HTTP/1.1", host: "127.0.0.1", referrer: "https://127.0.0.1/6-accessories"
2024/11/17 19:21:34 [notice] 35#35: *48 "^/(\d)(\d)(\d)(-[\w-]+)?/.+\.jpg$" does not match "/index.php", client: 172.18.0.1, server: example.com, request: "GET /module/blockwishlist/action?action=getAllWishlist HTTP/1.1", host: "127.0.0.1", referrer: "https://127.0.0.1/6-accessories"
2024/11/17 19:21:34 [notice] 35#35: *48 "^/(\d)(\d)(\d)(\d)(-[\w-]+)?/.+\.jpg$" does not match "/index.php", client: 172.18.0.1, server: example.com, request: "GET /module/blockwishlist/action?action=getAllWishlist HTTP/1.1", host: "127.0.0.1", referrer: "https://127.0.0.1/6-accessories"
2024/11/17 19:21:34 [notice] 35#35: *48 "^/(\d)(\d)(\d)(\d)(\d)(-[\w-]+)?/.+\.jpg$" does not match "/index.php", client: 172.18.0.1, server: example.com, request: "GET /module/blockwishlist/action?action=getAllWishlist HTTP/1.1", host: "127.0.0.1", referrer: "https://127.0.0.1/6-accessories"
2024/11/17 19:21:34 [notice] 35#35: *48 "^/(\d)(\d)(\d)(\d)(\d)(\d)(-[\w-]+)?/.+\.jpg$" does not match "/index.php", client: 172.18.0.1, server: example.com, request: "GET /module/blockwishlist/action?action=getAllWishlist HTTP/1.1", host: "127.0.0.1", referrer: "https://127.0.0.1/6-accessories"
2024/11/17 19:21:34 [notice] 35#35: *48 "^/(\d)(\d)(\d)(\d)(\d)(\d)(\d)(-[\w-]+)?/.+\.jpg$" does not match "/index.php", client: 172.18.0.1, server: example.com, request: "GET /module/blockwishlist/action?action=getAllWishlist HTTP/1.1", host: "127.0.0.1", referrer: "https://127.0.0.1/6-accessories"
2024/11/17 19:21:34 [notice] 35#35: *48 "^/(\d)(\d)(\d)(\d)(\d)(\d)(\d)(\d)(-[\w-]+)?/.+\.jpg$" does not match "/index.php", client: 172.18.0.1, server: example.com, request: "GET /module/blockwishlist/action?action=getAllWishlist HTTP/1.1", host: "127.0.0.1", referrer: "https://127.0.0.1/6-accessories"
2024/11/17 19:21:34 [notice] 35#35: *48 "^/c/([\w.-]+)/.+\.jpg$" does not match "/index.php", client: 172.18.0.1, server: example.com, request: "GET /module/blockwishlist/action?action=getAllWishlist HTTP/1.1", host: "127.0.0.1", referrer: "https://127.0.0.1/6-accessories"
2024/11/17 19:21:34 [notice] 35#35: *48 "^images_ie/?([^/]+)\.(gif|jpe?g|png)$" does not match "/index.php", client: 172.18.0.1, server: example.com, request: "GET /module/blockwishlist/action?action=getAllWishlist HTTP/1.1", host: "127.0.0.1", referrer: "https://127.0.0.1/6-accessories"
2024/11/17 19:21:34 [notice] 35#35: *48 "^/api/?(.*)$" does not match "/index.php", client: 172.18.0.1, server: example.com, request: "GET /module/blockwishlist/action?action=getAllWishlist HTTP/1.1", host: "127.0.0.1", referrer: "https://127.0.0.1/6-accessories"
2024/11/17 19:21:34 [notice] 35#35: *48 "^(/install(?:-dev)?/sandbox)/.*" does not match "/index.php", client: 172.18.0.1, server: example.com, request: "GET /module/blockwishlist/action?action=getAllWishlist HTTP/1.1", host: "127.0.0.1", referrer: "https://127.0.0.1/6-accessories"
2024/11/17 19:21:34 [notice] 29#29: *49 "^/(\d)(-[\w-]+)?/.+\.jpg$" does not match "/module/productcomments/CommentGrade", client: 172.18.0.1, server: example.com, request: "GET /module/productcomments/CommentGrade?id_products%5B%5D=6&id_products%5B%5D=7&id_products%5B%5D=8&id_products%5B%5D=9&id_products%5B%5D=10&id_products%5B%5D=11&id_products%5B%5D=15&id_products%5B%5D=16&id_products%5B%5D=17&id_products%5B%5D=18&id_products%5B%5D=19 HTTP/1.1", host: "127.0.0.1", referrer: "https://127.0.0.1/6-accessories"
2024/11/17 19:21:34 [notice] 29#29: *49 "^/(\d)(\d)(-[\w-]+)?/.+\.jpg$" does not match "/module/productcomments/CommentGrade", client: 172.18.0.1, server: example.com, request: "GET /module/productcomments/CommentGrade?id_products%5B%5D=6&id_products%5B%5D=7&id_products%5B%5D=8&id_products%5B%5D=9&id_products%5B%5D=10&id_products%5B%5D=11&id_products%5B%5D=15&id_products%5B%5D=16&id_products%5B%5D=17&id_products%5B%5D=18&id_products%5B%5D=19 HTTP/1.1", host: "127.0.0.1", referrer: "https://127.0.0.1/6-accessories"
2024/11/17 19:21:34 [notice] 29#29: *49 "^/(\d)(\d)(\d)(-[\w-]+)?/.+\.jpg$" does not match "/module/productcomments/CommentGrade", client: 172.18.0.1, server: example.com, request: "GET /module/productcomments/CommentGrade?id_products%5B%5D=6&id_products%5B%5D=7&id_products%5B%5D=8&id_products%5B%5D=9&id_products%5B%5D=10&id_products%5B%5D=11&id_products%5B%5D=15&id_products%5B%5D=16&id_products%5B%5D=17&id_products%5B%5D=18&id_products%5B%5D=19 HTTP/1.1", host: "127.0.0.1", referrer: "https://127.0.0.1/6-accessories"
2024/11/17 19:21:34 [notice] 29#29: *49 "^/(\d)(\d)(\d)(\d)(-[\w-]+)?/.+\.jpg$" does not match "/module/productcomments/CommentGrade", client: 172.18.0.1, server: example.com, request: "GET /module/productcomments/CommentGrade?id_products%5B%5D=6&id_products%5B%5D=7&id_products%5B%5D=8&id_products%5B%5D=9&id_products%5B%5D=10&id_products%5B%5D=11&id_products%5B%5D=15&id_products%5B%5D=16&id_products%5B%5D=17&id_products%5B%5D=18&id_products%5B%5D=19 HTTP/1.1", host: "127.0.0.1", referrer: "https://127.0.0.1/6-accessories"
2024/11/17 19:21:34 [notice] 29#29: *49 "^/(\d)(\d)(\d)(\d)(\d)(-[\w-]+)?/.+\.jpg$" does not match "/module/productcomments/CommentGrade", client: 172.18.0.1, server: example.com, request: "GET /module/productcomments/CommentGrade?id_products%5B%5D=6&id_products%5B%5D=7&id_products%5B%5D=8&id_products%5B%5D=9&id_products%5B%5D=10&id_products%5B%5D=11&id_products%5B%5D=15&id_products%5B%5D=16&id_products%5B%5D=17&id_products%5B%5D=18&id_products%5B%5D=19 HTTP/1.1", host: "127.0.0.1", referrer: "https://127.0.0.1/6-accessories"
2024/11/17 19:21:34 [notice] 29#29: *49 "^/(\d)(\d)(\d)(\d)(\d)(\d)(-[\w-]+)?/.+\.jpg$" does not match "/module/productcomments/CommentGrade", client: 172.18.0.1, server: example.com, request: "GET /module/productcomments/CommentGrade?id_products%5B%5D=6&id_products%5B%5D=7&id_products%5B%5D=8&id_products%5B%5D=9&id_products%5B%5D=10&id_products%5B%5D=11&id_products%5B%5D=15&id_products%5B%5D=16&id_products%5B%5D=17&id_products%5B%5D=18&id_products%5B%5D=19 HTTP/1.1", host: "127.0.0.1", referrer: "https://127.0.0.1/6-accessories"
2024/11/17 19:21:34 [notice] 29#29: *49 "^/(\d)(\d)(\d)(\d)(\d)(\d)(\d)(-[\w-]+)?/.+\.jpg$" does not match "/module/productcomments/CommentGrade", client: 172.18.0.1, server: example.com, request: "GET /module/productcomments/CommentGrade?id_products%5B%5D=6&id_products%5B%5D=7&id_products%5B%5D=8&id_products%5B%5D=9&id_products%5B%5D=10&id_products%5B%5D=11&id_products%5B%5D=15&id_products%5B%5D=16&id_products%5B%5D=17&id_products%5B%5D=18&id_products%5B%5D=19 HTTP/1.1", host: "127.0.0.1", referrer: "https://127.0.0.1/6-accessories"
2024/11/17 19:21:34 [notice] 29#29: *49 "^/(\d)(\d)(\d)(\d)(\d)(\d)(\d)(\d)(-[\w-]+)?/.+\.jpg$" does not match "/module/productcomments/CommentGrade", client: 172.18.0.1, server: example.com, request: "GET /module/productcomments/CommentGrade?id_products%5B%5D=6&id_products%5B%5D=7&id_products%5B%5D=8&id_products%5B%5D=9&id_products%5B%5D=10&id_products%5B%5D=11&id_products%5B%5D=15&id_products%5B%5D=16&id_products%5B%5D=17&id_products%5B%5D=18&id_products%5B%5D=19 HTTP/1.1", host: "127.0.0.1", referrer: "https://127.0.0.1/6-accessories"
2024/11/17 19:21:34 [notice] 29#29: *49 "^/c/([\w.-]+)/.+\.jpg$" does not match "/module/productcomments/CommentGrade", client: 172.18.0.1, server: example.com, request: "GET /module/productcomments/CommentGrade?id_products%5B%5D=6&id_products%5B%5D=7&id_products%5B%5D=8&id_products%5B%5D=9&id_products%5B%5D=10&id_products%5B%5D=11&id_products%5B%5D=15&id_products%5B%5D=16&id_products%5B%5D=17&id_products%5B%5D=18&id_products%5B%5D=19 HTTP/1.1", host: "127.0.0.1", referrer: "https://127.0.0.1/6-accessories"
2024/11/17 19:21:34 [notice] 29#29: *49 "^images_ie/?([^/]+)\.(gif|jpe?g|png)$" does not match "/module/productcomments/CommentGrade", client: 172.18.0.1, server: example.com, request: "GET /module/productcomments/CommentGrade?id_products%5B%5D=6&id_products%5B%5D=7&id_products%5B%5D=8&id_products%5B%5D=9&id_products%5B%5D=10&id_products%5B%5D=11&id_products%5B%5D=15&id_products%5B%5D=16&id_products%5B%5D=17&id_products%5B%5D=18&id_products%5B%5D=19 HTTP/1.1", host: "127.0.0.1", referrer: "https://127.0.0.1/6-accessories"
2024/11/17 19:21:34 [notice] 29#29: *49 "^/api/?(.*)$" does not match "/module/productcomments/CommentGrade", client: 172.18.0.1, server: example.com, request: "GET /module/productcomments/CommentGrade?id_products%5B%5D=6&id_products%5B%5D=7&id_products%5B%5D=8&id_products%5B%5D=9&id_products%5B%5D=10&id_products%5B%5D=11&id_products%5B%5D=15&id_products%5B%5D=16&id_products%5B%5D=17&id_products%5B%5D=18&id_products%5B%5D=19 HTTP/1.1", host: "127.0.0.1", referrer: "https://127.0.0.1/6-accessories"
2024/11/17 19:21:34 [notice] 29#29: *49 "^(/install(?:-dev)?/sandbox)/.*" does not match "/module/productcomments/CommentGrade", client: 172.18.0.1, server: example.com, request: "GET /module/productcomments/CommentGrade?id_products%5B%5D=6&id_products%5B%5D=7&id_products%5B%5D=8&id_products%5B%5D=9&id_products%5B%5D=10&id_products%5B%5D=11&id_products%5B%5D=15&id_products%5B%5D=16&id_products%5B%5D=17&id_products%5B%5D=18&id_products%5B%5D=19 HTTP/1.1", host: "127.0.0.1", referrer: "https://127.0.0.1/6-accessories"
2024/11/17 19:21:34 [notice] 28#28: *50 "^/(\d)(-[\w-]+)?/.+\.jpg$" does not match "/js/jquery/ui/themes/base/minified/images/ui-bg_flat_75_ffffff_40x100.png", client: 172.18.0.1, server: example.com, request: "GET /js/jquery/ui/themes/base/minified/images/ui-bg_flat_75_ffffff_40x100.png HTTP/1.1", host: "127.0.0.1", referrer: "https://127.0.0.1/js/jquery/ui/themes/base/minified/jquery.ui.theme.min.css"
2024/11/17 19:21:34 [notice] 28#28: *50 "^/(\d)(\d)(-[\w-]+)?/.+\.jpg$" does not match "/js/jquery/ui/themes/base/minified/images/ui-bg_flat_75_ffffff_40x100.png", client: 172.18.0.1, server: example.com, request: "GET /js/jquery/ui/themes/base/minified/images/ui-bg_flat_75_ffffff_40x100.png HTTP/1.1", host: "127.0.0.1", referrer: "https://127.0.0.1/js/jquery/ui/themes/base/minified/jquery.ui.theme.min.css"
2024/11/17 19:21:34 [notice] 29#29: *49 "^/(\d)(-[\w-]+)?/.+\.jpg$" does not match "/index.php", client: 172.18.0.1, server: example.com, request: "GET /module/productcomments/CommentGrade?id_products%5B%5D=6&id_products%5B%5D=7&id_products%5B%5D=8&id_products%5B%5D=9&id_products%5B%5D=10&id_products%5B%5D=11&id_products%5B%5D=15&id_products%5B%5D=16&id_products%5B%5D=17&id_products%5B%5D=18&id_products%5B%5D=19 HTTP/1.1", host: "127.0.0.1", referrer: "https://127.0.0.1/6-accessories"
2024/11/17 19:21:34 [notice] 29#29: *49 "^/(\d)(\d)(-[\w-]+)?/.+\.jpg$" does not match "/index.php", client: 172.18.0.1, server: example.com, request: "GET /module/productcomments/CommentGrade?id_products%5B%5D=6&id_products%5B%5D=7&id_products%5B%5D=8&id_products%5B%5D=9&id_products%5B%5D=10&id_products%5B%5D=11&id_products%5B%5D=15&id_products%5B%5D=16&id_products%5B%5D=17&id_products%5B%5D=18&id_products%5B%5D=19 HTTP/1.1", host: "127.0.0.1", referrer: "https://127.0.0.1/6-accessories"
2024/11/17 19:21:34 [notice] 28#28: *50 "^/(\d)(\d)(\d)(-[\w-]+)?/.+\.jpg$" does not match "/js/jquery/ui/themes/base/minified/images/ui-bg_flat_75_ffffff_40x100.png", client: 172.18.0.1, server: example.com, request: "GET /js/jquery/ui/themes/base/minified/images/ui-bg_flat_75_ffffff_40x100.png HTTP/1.1", host: "127.0.0.1", referrer: "https://127.0.0.1/js/jquery/ui/themes/base/minified/jquery.ui.theme.min.css"
2024/11/17 19:21:34 [notice] 28#28: *50 "^/(\d)(\d)(\d)(\d)(-[\w-]+)?/.+\.jpg$" does not match "/js/jquery/ui/themes/base/minified/images/ui-bg_flat_75_ffffff_40x100.png", client: 172.18.0.1, server: example.com, request: "GET /js/jquery/ui/themes/base/minified/images/ui-bg_flat_75_ffffff_40x100.png HTTP/1.1", host: "127.0.0.1", referrer: "https://127.0.0.1/js/jquery/ui/themes/base/minified/jquery.ui.theme.min.css"
2024/11/17 19:21:34 [notice] 29#29: *49 "^/(\d)(\d)(\d)(-[\w-]+)?/.+\.jpg$" does not match "/index.php", client: 172.18.0.1, server: example.com, request: "GET /module/productcomments/CommentGrade?id_products%5B%5D=6&id_products%5B%5D=7&id_products%5B%5D=8&id_products%5B%5D=9&id_products%5B%5D=10&id_products%5B%5D=11&id_products%5B%5D=15&id_products%5B%5D=16&id_products%5B%5D=17&id_products%5B%5D=18&id_products%5B%5D=19 HTTP/1.1", host: "127.0.0.1", referrer: "https://127.0.0.1/6-accessories"
2024/11/17 19:21:34 [notice] 29#29: *49 "^/(\d)(\d)(\d)(\d)(-[\w-]+)?/.+\.jpg$" does not match "/index.php", client: 172.18.0.1, server: example.com, request: "GET /module/productcomments/CommentGrade?id_products%5B%5D=6&id_products%5B%5D=7&id_products%5B%5D=8&id_products%5B%5D=9&id_products%5B%5D=10&id_products%5B%5D=11&id_products%5B%5D=15&id_products%5B%5D=16&id_products%5B%5D=17&id_products%5B%5D=18&id_products%5B%5D=19 HTTP/1.1", host: "127.0.0.1", referrer: "https://127.0.0.1/6-accessories"
2024/11/17 19:21:34 [notice] 28#28: *50 "^/(\d)(\d)(\d)(\d)(\d)(-[\w-]+)?/.+\.jpg$" does not match "/js/jquery/ui/themes/base/minified/images/ui-bg_flat_75_ffffff_40x100.png", client: 172.18.0.1, server: example.com, request: "GET /js/jquery/ui/themes/base/minified/images/ui-bg_flat_75_ffffff_40x100.png HTTP/1.1", host: "127.0.0.1", referrer: "https://127.0.0.1/js/jquery/ui/themes/base/minified/jquery.ui.theme.min.css"
2024/11/17 19:21:34 [notice] 28#28: *50 "^/(\d)(\d)(\d)(\d)(\d)(\d)(-[\w-]+)?/.+\.jpg$" does not match "/js/jquery/ui/themes/base/minified/images/ui-bg_flat_75_ffffff_40x100.png", client: 172.18.0.1, server: example.com, request: "GET /js/jquery/ui/themes/base/minified/images/ui-bg_flat_75_ffffff_40x100.png HTTP/1.1", host: "127.0.0.1", referrer: "https://127.0.0.1/js/jquery/ui/themes/base/minified/jquery.ui.theme.min.css"
2024/11/17 19:21:34 [notice] 29#29: *49 "^/(\d)(\d)(\d)(\d)(\d)(-[\w-]+)?/.+\.jpg$" does not match "/index.php", client: 172.18.0.1, server: example.com, request: "GET /module/productcomments/CommentGrade?id_products%5B%5D=6&id_products%5B%5D=7&id_products%5B%5D=8&id_products%5B%5D=9&id_products%5B%5D=10&id_products%5B%5D=11&id_products%5B%5D=15&id_products%5B%5D=16&id_products%5B%5D=17&id_products%5B%5D=18&id_products%5B%5D=19 HTTP/1.1", host: "127.0.0.1", referrer: "https://127.0.0.1/6-accessories"
2024/11/17 19:21:34 [notice] 29#29: *49 "^/(\d)(\d)(\d)(\d)(\d)(\d)(-[\w-]+)?/.+\.jpg$" does not match "/index.php", client: 172.18.0.1, server: example.com, request: "GET /module/productcomments/CommentGrade?id_products%5B%5D=6&id_products%5B%5D=7&id_products%5B%5D=8&id_products%5B%5D=9&id_products%5B%5D=10&id_products%5B%5D=11&id_products%5B%5D=15&id_products%5B%5D=16&id_products%5B%5D=17&id_products%5B%5D=18&id_products%5B%5D=19 HTTP/1.1", host: "127.0.0.1", referrer: "https://127.0.0.1/6-accessories"
2024/11/17 19:21:34 [notice] 28#28: *50 "^/(\d)(\d)(\d)(\d)(\d)(\d)(\d)(-[\w-]+)?/.+\.jpg$" does not match "/js/jquery/ui/themes/base/minified/images/ui-bg_flat_75_ffffff_40x100.png", client: 172.18.0.1, server: example.com, request: "GET /js/jquery/ui/themes/base/minified/images/ui-bg_flat_75_ffffff_40x100.png HTTP/1.1", host: "127.0.0.1", referrer: "https://127.0.0.1/js/jquery/ui/themes/base/minified/jquery.ui.theme.min.css"
2024/11/17 19:21:34 [notice] 28#28: *50 "^/(\d)(\d)(\d)(\d)(\d)(\d)(\d)(\d)(-[\w-]+)?/.+\.jpg$" does not match "/js/jquery/ui/themes/base/minified/images/ui-bg_flat_75_ffffff_40x100.png", client: 172.18.0.1, server: example.com, request: "GET /js/jquery/ui/themes/base/minified/images/ui-bg_flat_75_ffffff_40x100.png HTTP/1.1", host: "127.0.0.1", referrer: "https://127.0.0.1/js/jquery/ui/themes/base/minified/jquery.ui.theme.min.css"
